Component: ARM Compiler 5.05 update 1 (build 106) Tool: armlink [4d0efa]

==============================================================================

Section Cross References

    startup_stm32f407xx.o(RESET) refers to startup_stm32f407xx.o(STACK) for __initial_sp
    startup_stm32f407xx.o(RESET) refers to startup_stm32f407xx.o(.text) for Reset_Handler
    startup_stm32f407xx.o(RESET) refers to stm32f4xx_it.o(i.NMI_Handler) for NMI_Handler
    startup_stm32f407xx.o(RESET) refers to stm32f4xx_it.o(i.HardFault_Handler) for HardFault_Handler
    startup_stm32f407xx.o(RESET) refers to stm32f4xx_it.o(i.MemManage_Handler) for MemManage_Handler
    startup_stm32f407xx.o(RESET) refers to stm32f4xx_it.o(i.BusFault_Handler) for BusFault_Handler
    startup_stm32f407xx.o(RESET) refers to stm32f4xx_it.o(i.UsageFault_Handler) for UsageFault_Handler
    startup_stm32f407xx.o(RESET) refers to stm32f4xx_it.o(i.SVC_Handler) for SVC_Handler
    startup_stm32f407xx.o(RESET) refers to stm32f4xx_it.o(i.DebugMon_Handler) for DebugMon_Handler
    startup_stm32f407xx.o(RESET) refers to stm32f4xx_it.o(i.PendSV_Handler) for PendSV_Handler
    startup_stm32f407xx.o(RESET) refers to stm32f4xx_it.o(i.SysTick_Handler) for SysTick_Handler
    startup_stm32f407xx.o(RESET) refers to stm32f4xx_it.o(i.USART1_IRQHandler) for USART1_IRQHandler
    startup_stm32f407xx.o(RESET) refers to stm32f4xx_it.o(i.TIM6_DAC_IRQHandler) for TIM6_DAC_IRQHandler
    startup_stm32f407xx.o(.text) refers to system_stm32f4xx.o(i.SystemInit) for SystemInit
    startup_stm32f407xx.o(.text) refers to entry.o(.ARM.Collect$$$$00000000) for __main
    main.o(i.SystemClock_Config) refers to memseta.o(.text) for __aeabi_memclr4
    main.o(i.SystemClock_Config) refers to stm32f4xx_hal_rcc.o(i.HAL_RCC_OscConfig) for HAL_RCC_OscConfig
    main.o(i.SystemClock_Config) refers to stm32f4xx_hal_rcc.o(i.HAL_RCC_ClockConfig) for HAL_RCC_ClockConfig
    main.o(i.main) refers to stm32f4xx_hal.o(i.HAL_Init) for HAL_Init
    main.o(i.main) refers to main.o(i.SystemClock_Config) for SystemClock_Config
    main.o(i.main) refers to gpio.o(i.MX_GPIO_Init) for MX_GPIO_Init
    main.o(i.main) refers to usart.o(i.MX_USART1_UART_Init) for MX_USART1_UART_Init
    main.o(i.main) refers to fsmc.o(i.MX_FSMC_Init) for MX_FSMC_Init
    main.o(i.main) refers to tim.o(i.MX_TIM6_Init) for MX_TIM6_Init
    main.o(i.main) refers to adc.o(i.MX_ADC1_Init) for MX_ADC1_Init
    main.o(i.main) refers to adc.o(i.MX_ADC2_Init) for MX_ADC2_Init
    main.o(i.main) refers to lcd.o(i.LCD_Init) for LCD_Init
    main.o(i.main) refers to w5300_conf.o(i.reset_w5300) for reset_w5300
    main.o(i.main) refers to w5300_conf.o(i.set_w5300_mac) for set_w5300_mac
    main.o(i.main) refers to w5300_conf.o(i.set_w5300_netinfo) for set_w5300_netinfo
    main.o(i.main) refers to w5300_conf.o(i.sysinit) for sysinit
    main.o(i.main) refers to printfa.o(i.__0printf) for __2printf
    main.o(i.main) refers to dht11.o(i.DHT11_Init) for DHT11_Init
    main.o(i.main) refers to show_lcd.o(i.Touch_Test) for Touch_Test
    gpio.o(i.MX_GPIO_Init) refers to memseta.o(.text) for __aeabi_memclr4
    gpio.o(i.MX_GPIO_Init) refers to stm32f4xx_hal_gpio.o(i.HAL_GPIO_WritePin) for HAL_GPIO_WritePin
    gpio.o(i.MX_GPIO_Init) refers to stm32f4xx_hal_gpio.o(i.HAL_GPIO_Init) for HAL_GPIO_Init
    adc.o(i.HAL_ADC_MspDeInit) refers to stm32f4xx_hal_gpio.o(i.HAL_GPIO_DeInit) for HAL_GPIO_DeInit
    adc.o(i.HAL_ADC_MspInit) refers to memseta.o(.text) for __aeabi_memclr4
    adc.o(i.HAL_ADC_MspInit) refers to stm32f4xx_hal_gpio.o(i.HAL_GPIO_Init) for HAL_GPIO_Init
    adc.o(i.MX_ADC1_Init) refers to stm32f4xx_hal_adc.o(i.HAL_ADC_Init) for HAL_ADC_Init
    adc.o(i.MX_ADC1_Init) refers to main.o(i.Error_Handler) for Error_Handler
    adc.o(i.MX_ADC1_Init) refers to stm32f4xx_hal_adc.o(i.HAL_ADC_ConfigChannel) for HAL_ADC_ConfigChannel
    adc.o(i.MX_ADC1_Init) refers to adc.o(.bss) for .bss
    adc.o(i.MX_ADC2_Init) refers to stm32f4xx_hal_adc.o(i.HAL_ADC_Init) for HAL_ADC_Init
    adc.o(i.MX_ADC2_Init) refers to main.o(i.Error_Handler) for Error_Handler
    adc.o(i.MX_ADC2_Init) refers to stm32f4xx_hal_adc.o(i.HAL_ADC_ConfigChannel) for HAL_ADC_ConfigChannel
    adc.o(i.MX_ADC2_Init) refers to adc.o(.bss) for .bss
    fsmc.o(i.HAL_FSMC_MspInit) refers to memseta.o(.text) for __aeabi_memclr4
    fsmc.o(i.HAL_FSMC_MspInit) refers to stm32f4xx_hal_gpio.o(i.HAL_GPIO_Init) for HAL_GPIO_Init
    fsmc.o(i.HAL_FSMC_MspInit) refers to fsmc.o(.data) for .data
    fsmc.o(i.HAL_SRAM_MspDeInit) refers to stm32f4xx_hal_gpio.o(i.HAL_GPIO_DeInit) for HAL_GPIO_DeInit
    fsmc.o(i.HAL_SRAM_MspDeInit) refers to fsmc.o(.data) for .data
    fsmc.o(i.HAL_SRAM_MspInit) refers to fsmc.o(i.HAL_FSMC_MspInit) for HAL_FSMC_MspInit
    fsmc.o(i.MX_FSMC_Init) refers to memseta.o(.text) for __aeabi_memclr4
    fsmc.o(i.MX_FSMC_Init) refers to stm32f4xx_hal_sram.o(i.HAL_SRAM_Init) for HAL_SRAM_Init
[...]
    ADC_IRQHandler                           0x080001b7   Thumb Code     0  startup_stm32f407xx.o(.text)
    CAN1_RX0_IRQHandler                      0x080001b7   Thumb Code     0  startup_stm32f407xx.o(.text)
    CAN1_RX1_IRQHandler                      0x080001b7   Thumb Code     0  startup_stm32f407xx.o(.text)
    CAN1_SCE_IRQHandler                      0x080001b7   Thumb Code     0  startup_stm32f407xx.o(.text)
    CAN1_TX_IRQHandler                       0x080001b7   Thumb Code     0  startup_stm32f407xx.o(.text)
    CAN2_RX0_IRQHandler                      0x080001b7   Thumb Code     0  startup_stm32f407xx.o(.text)
    CAN2_RX1_IRQHandler                      0x080001b7   Thumb Code     0  startup_stm32f407xx.o(.text)
    CAN2_SCE_IRQHandler                      0x080001b7   Thumb Code     0  startup_stm32f407xx.o(.text)
    CAN2_TX_IRQHandler                       0x080001b7   Thumb Code     0  startup_stm32f407xx.o(.text)
    DCMI_IRQHandler                          0x080001b7   Thumb Code     0  startup_stm32f407xx.o(.text)
    DMA1_Stream0_IRQHandler                  0x080001b7   Thumb Code     0  startup_stm32f407xx.o(.text)
    DMA1_Stream1_IRQHandler                  0x080001b7   Thumb Code     0  startup_stm32f407xx.o(.text)
    DMA1_Stream2_IRQHandler                  0x080001b7   Thumb Code     0  startup_stm32f407xx.o(.text)
    DMA1_Stream3_IRQHandler                  0x080001b7   Thumb Code     0  startup_stm32f407xx.o(.text)
    DMA1_Stream4_IRQHandler                  0x080001b7   Thumb Code     0  startup_stm32f407xx.o(.text)
    DMA1_Stream5_IRQHandler                  0x080001b7   Thumb Code     0  startup_stm32f407xx.o(.text)
    DMA1_Stream6_IRQHandler                  0x080001b7   Thumb Code     0  startup_stm32f407xx.o(.text)
    DMA1_Stream7_IRQHandler                  0x080001b7   Thumb Code     0  startup_stm32f407xx.o(.text)
    DMA2_Stream0_IRQHandler                  0x080001b7   Thumb Code     0  startup_stm32f407xx.o(.text)
    DMA2_Stream1_IRQHandler                  0x080001b7   Thumb Code     0  startup_stm32f407xx.o(.text)
    DMA2_Stream2_IRQHandler                  0x080001b7   Thumb Code     0  startup_stm32f407xx.o(.text)
    DMA2_Stream3_IRQHandler                  0x080001b7   Thumb Code     0  startup_stm32f407xx.o(.text)
    DMA2_Stream4_IRQHandler                  0x080001b7   Thumb Code     0  startup_stm32f407xx.o(.text)
    DMA2_Stream5_IRQHandler                  0x080001b7   Thumb Code     0  startup_stm32f407xx.o(.text)
    DMA2_Stream6_IRQHandler                  0x080001b7   Thumb Code     0  startup_stm32f407xx.o(.text)
    DMA2_Stream7_IRQHandler                  0x080001b7   Thumb Code     0  startup_stm32f407xx.o(.text)
    ETH_IRQHandler                           0x080001b7   Thumb Code     0  startup_stm32f407xx.o(.text)
    ETH_WKUP_IRQHandler                      0x080001b7   Thumb Code     0  startup_stm32f407xx.o(.text)
    EXTI0_IRQHandler                         0x080001b7   Thumb Code     0  startup_stm32f407xx.o(.text)
    EXTI15_10_IRQHandler                     0x080001b7   Thumb Code     0  startup_stm32f407xx.o(.text)
    EXTI1_IRQHandler                         0x080001b7   Thumb Code     0  startup_stm32f407xx.o(.text)
    EXTI2_IRQHandler                         0x080001b7   Thumb Code     0  startup_stm32f407xx.o(.text)
    EXTI3_IRQHandler                         0x080001b7   Thumb Code     0  startup_stm32f407xx.o(.text)
    EXTI4_IRQHandler                         0x080001b7   Thumb Code     0  startup_stm32f407xx.o(.text)
    EXTI9_5_IRQHandler                       0x080001b7   Thumb Code     0  startup_stm32f407xx.o(.text)
    FLASH_IRQHandler                         0x080001b7   Thumb Code     0  startup_stm32f407xx.o(.text)
    FMC_IRQHandler                           0x080001b7   Thumb Code     0  startup_stm32f407xx.o(.text)
    FPU_IRQHandler                           0x080001b7   Thumb Code     0  startup_stm32f407xx.o(.text)
    HASH_RNG_IRQHandler                      0x080001b7   Thumb Code     0  startup_stm32f407xx.o(.text)
    I2C1_ER_IRQHandler                       0x080001b7   Thumb Code     0  startup_stm32f407xx.o(.text)
    I2C1_EV_IRQHandler                       0x080001b7   Thumb Code     0  startup_stm32f407xx.o(.text)
    I2C2_ER_IRQHandler                       0x080001b7   Thumb Code     0  startup_stm32f407xx.o(.text)
    I2C2_EV_IRQHandler                       0x080001b7   Thumb Code     0  startup_stm32f407xx.o(.text)
    I2C3_ER_IRQHandler                       0x080001b7   Thumb Code     0  startup_stm32f407xx.o(.text)
    I2C3_EV_IRQHandler                       0x080001b7   Thumb Code     0  startup_stm32f407xx.o(.text)
    OTG_FS_IRQHandler                        0x080001b7   Thumb Code     0  startup_stm32f407xx.o(.text)
    OTG_FS_WKUP_IRQHandler                   0x080001b7   Thumb Code     0  startup_stm32f407xx.o(.text)
    OTG_HS_EP1_IN_IRQHandler                 0x080001b7   Thumb Code     0  startup_stm32f407xx.o(.text)
    OTG_HS_EP1_OUT_IRQHandler                0x080001b7   Thumb Code     0  startup_stm32f407xx.o(.text)
    OTG_HS_IRQHandler                        0x080001b7   Thumb Code     0  startup_stm32f407xx.o(.text)
    OTG_HS_WKUP_IRQHandler                   0x080001b7   Thumb Code     0  startup_stm32f407xx.o(.text)
    PVD_IRQHandler                           0x080001b7   Thumb Code     0  startup_stm32f407xx.o(.text)
    RCC_IRQHandler                           0x080001b7   Thumb Code     0  startup_stm32f407xx.o(.text)
    RTC_Alarm_IRQHandler                     0x080001b7   Thumb Code     0  startup_stm32f407xx.o(.text)
    RTC_WKUP_IRQHandler                      0x080001b7   Thumb Code     0  startup_stm32f407xx.o(.text)
    SDIO_IRQHandler                          0x080001b7   Thumb Code     0  startup_stm32f407xx.o(.text)
    SPI1_IRQHandler                          0x080001b7   Thumb Code     0  startup_stm32f407xx.o(.text)
    SPI2_IRQHandler                          0x080001b7   Thumb Code     0  startup_stm32f407xx.o(.text)
    SPI3_IRQHandler                          0x080001b7   Thumb Code     0  startup_stm32f407xx.o(.text)
    TAMP_STAMP_IRQHandler                    0x080001b7   Thumb Code     0  startup_stm32f407xx.o(.text)
    TIM1_BRK_TIM9_IRQHandler                 0x080001b7   Thumb Code     0  startup_stm32f407xx.o(.text)
    TIM1_CC_IRQHandler                       0x080001b7   Thumb Code     0  startup_stm32f407xx.o(.text)
    TIM1_TRG_COM_TIM11_IRQHandler            0x080001b7   Thumb Code     0  startup_stm32f407xx.o(.text)
    TIM1_UP_TIM10_IRQHandler                 0x080001b7   Thumb Code     0  startup_stm32f407xx.o(.text)
    TIM2_IRQHandler                          0x080001b7   Thumb Code     0  startup_stm32f407xx.o(.text)
    TIM3_IRQHandler                          0x080001b7   Thumb Code     0  startup_stm32f407xx.o(.text)
    TIM4_IRQHandler                          0x080001b7   Thumb Code     0  startup_stm32f407xx.o(.text)
    TIM5_IRQHandler                          0x080001b7   Thumb Code     0  startup_stm32f407xx.o(.text)
    TIM7_IRQHandler                          0x080001b7   Thumb Code     0  startup_stm32f407xx.o(.text)
    TIM8_BRK_TIM12_IRQHandler                0x080001b7   Thumb Code     0  startup_stm32f407xx.o(.text)
    TIM8_CC_IRQHandler                       0x080001b7   Thumb Code     0  startup_stm32f407xx.o(.text)
    TIM8_TRG_COM_TIM14_IRQHandler            0x080001b7   Thumb Code     0  startup_stm32f407xx.o(.text)
    TIM8_UP_TIM13_IRQHandler                 0x080001b7   Thumb Code     0  startup_stm32f407xx.o(.text)
    UART4_IRQHandler                         0x080001b7   Thumb Code     0  startup_stm32f407xx.o(.text)
    UART5_IRQHandler                         0x080001b7   Thumb Code     0  startup_stm32f407xx.o(.text)
    USART2_IRQHandler                        0x080001b7   Thumb Code     0  startup_stm32f407xx.o(.text)
    USART3_IRQHandler                        0x080001b7   Thumb Code     0  startup_stm32f407xx.o(.text)
    USART6_IRQHandler                        0x080001b7   Thumb Code     0  startup_stm32f407xx.o(.text)
    WWDG_IRQHandler                          0x080001b7   Thumb Code     0  startup_stm32f407xx.o(.text)
    __aeabi_uldivmod                         0x080001c1   Thumb Code    98  uldiv.o(.text)
    __aeabi_memcpy                           0x08000223   Thumb Code    36  memcpya.o(.text)
    __aeabi_memcpy4                          0x08000223   Thumb Code     0  memcpya.o(.text)
    __aeabi_memcpy8                          0x08000223   Thumb Code     0  memcpya.o(.text)
    __aeabi_memset                           0x08000247   Thumb Code    14  memseta.o(.text)
    __aeabi_memset4                          0x08000247   Thumb Code     0  memseta.o(.text)
    __aeabi_memset8                          0x08000247   Thumb Code     0  memseta.o(.text)
    __aeabi_memclr                           0x08000255   Thumb Code     4  memseta.o(.text)
    __aeabi_memclr4                          0x08000255   Thumb Code     0  memseta.o(.text)
    __aeabi_memclr8                          0x08000255   Thumb Code     0  memseta.o(.text)
    _memset$wrapper                          0x08000259   Thumb Code    18  memseta.o(.text)
    strcat                                   0x0800026b   Thumb Code    24  strcat.o(.text)
    strstr                                   0x08000283   Thumb Code    36  strstr.o(.text)
    strncpy                                  0x080002a7   Thumb Code    24  strncpy.o(.text)
    strchr                                   0x080002bf   Thumb Code    20  strchr.o(.text)
    strlen                                   0x080002d3   Thumb Code    14  strlen.o(.text)
    memcmp                                   0x080002e1   Thumb Code    26  memcmp.o(.text)
    strncat                                  0x080002fb   Thumb Code    40  strncat.o(.text)
    strcpy                                   0x08000323   Thumb Code    18  strcpy.o(.text)
    atoi                                     0x08000335   Thumb Code    26  atoi.o(.text)
    __aeabi_dadd                             0x0800034f   Thumb Code   322  dadd.o(.text)
    __aeabi_dsub                             0x08000491   Thumb Code     6  dadd.o(.text)
    __aeabi_drsub                            0x08000497   Thumb Code     6  dadd.o(.text)
    __aeabi_dmul                             0x0800049d   Thumb Code   228  dmul.o(.text)
    __aeabi_ddiv                             0x08000581   Thumb Code   222  ddiv.o(.text)
    __aeabi_ui2d                             0x0800065f   Thumb Code    26  dfltui.o(.text)
    __aeabi_d2uiz                            0x08000679   Thumb Code    50  dfixui.o(.text)
    __aeabi_f2d                              0x080006ab   Thumb Code    38  f2d.o(.text)
    __aeabi_cdcmpeq                          0x080006d1   Thumb Code     0  cdcmple.o(.text)
    __aeabi_cdcmple                          0x080006d1   Thumb Code    48  cdcmple.o(.text)
    __aeabi_cdrcmple                         0x08000701   Thumb Code    48  cdrcmple.o(.text)
    __aeabi_d2f                              0x08000731   Thumb Code    56  d2f.o(.text)
    __aeabi_uidiv                            0x08000769   Thumb Code     0  uidiv.o(.text)
    __aeabi_uidivmod                         0x08000769   Thumb Code    44  uidiv.o(.text)
    __aeabi_llsl                             0x08000795   Thumb Code    30  llshl.o(.text)
    _ll_shift_l                              0x08000795   Thumb Code     0  llshl.o(.text)
    __aeabi_llsr                             0x080007b3   Thumb Code    32  llushr.o(.text)
    _ll_ushift_r                             0x080007b3   Thumb Code     0  llushr.o(.text)
    __aeabi_lasr                             0x080007d3   Thumb Code    36  llsshr.o(.text)
    _ll_sshift_r                             0x080007d3   Thumb Code     0  llsshr.o(.text)
    strtol                                   0x080007f7   Thumb Code   112  strtol.o(.text)
    __I$use$fp                               0x08000867   Thumb Code     0  iusefp.o(.text)
    _float_round                             0x08000867   Thumb Code    18  fepilogue.o(.text)
    _float_epilogue                          0x08000879   Thumb Code    92  fepilogue.o(.text)
    _double_round                            0x080008d5   Thumb Code    30  depilogue.o(.text)
    _double_epilogue                         0x080008f3   Thumb Code   156  depilogue.o(.text)
    _dsqrt                                   0x0800098f   Thumb Code   162  dsqrt.o(.text)
    __aeabi_d2ulz                            0x08000a31   Thumb Code    48  dfixul.o(.text)
    __scatterload                            0x08000a61   Thumb Code    28  init.o(.text)
    __scatterload_rt2                        0x08000a61   Thumb Code     0  init.o(.text)
    __rt_ctype_table                         0x08000a85   Thumb Code     4  ctype_o.o(.text)
    _strtoul                                 0x08000a8d   Thumb Code   158  _strtoul.o(.text)
    _chval                                   0x08000b2b   Thumb Code    28  _chval.o(.text)
    __decompress                             0x08000b47   Thumb Code     0  __dczerorl2.o(.text)
    __decompress1                            0x08000b47   Thumb Code    86  __dczerorl2.o(.text)
    AT24CXX_Init                             0x08000cc5   Thumb Code     4  24cxx.o(i.AT24CXX_Init)
    AT24CXX_ReadLenByte                      0x08000cc9   Thumb Code    42  24cxx.o(i.AT24CXX_ReadLenByte)
    AT24CXX_ReadOneByte                      0x08000cf3   Thumb Code    66  24cxx.o(i.AT24CXX_ReadOneByte)
    AT24CXX_WriteLenByte                     0x08000d35   Thumb Code    42  24cxx.o(i.AT24CXX_WriteLenByte)
    AT24CXX_WriteOneByte                     0x08000d5f   Thumb Code    62  24cxx.o(i.AT24CXX_WriteOneByte)
    BD_TG_DevLink                            0x08000d9d   Thumb Code   190  mqtt_client.o(i.BD_TG_DevLink)
    BD_TG_Publish                            0x08000fb9   Thumb Code    84  mqtt_client.o(i.BD_TG_Publish)
    BD_TG_RevPro                             0x0800102d   Thumb Code   556  mqtt_client.o(i.BD_TG_RevPro)
    BD_TG_Subscribe                          0x08001441   Thumb Code   100  mqtt_client.o(i.BD_TG_Subscribe)
    BusFault_Handler                         0x080014c1   Thumb Code     2  stm32f4xx_it.o(i.BusFault_Handler)
    DHCP_init                                0x080014c5   Thumb Code   256  dhcp.o(i.DHCP_init)
    DHCP_run                                 0x080015d1   Thumb Code   356  dhcp.o(i.DHCP_run)
    DHT11_CheckExist                         0x080017fd   Thumb Code    88  dht11.o(i.DHT11_CheckExist)
    DHT11_IO_IN                              0x08001859   Thumb Code    56  dht11.o(i.DHT11_IO_IN)
    DHT11_IO_OUT                             0x08001899   Thumb Code    68  dht11.o(i.DHT11_IO_OUT)
    DHT11_Init                               0x080018e5   Thumb Code    14  dht11.o(i.DHT11_Init)
    DHT11_Read_Bit                           0x080018f5   Thumb Code    86  dht11.o(i.DHT11_Read_Bit)
    DHT11_Read_Byte                          0x08001951   Thumb Code    26  dht11.o(i.DHT11_Read_Byte)
    DHT11_Read_Data                          0x0800196b   Thumb Code    80  dht11.o(i.DHT11_Read_Data)
    DHT11_Reset                              0x080019bd   Thumb Code    48  dht11.o(i.DHT11_Reset)
    DNS_init                                 0x080019f1   Thumb Code    14  dns.o(i.DNS_init)
    DNS_run                                  0x08001a05   Thumb Code   242  dns.o(i.DNS_run)
    DebugMon_Handler                         0x08001ba5   Thumb Code     2  stm32f4xx_it.o(i.DebugMon_Handler)
    English_Font_test                        0x08001ba9   Thumb Code   390  show_lcd.o(i.English_Font_test)
    Error_Handler                            0x08001dad   Thumb Code     4  main.o(i.Error_Handler)
    FLASH_Erase_Sector                       0x08001db1   Thumb Code    74  stm32f4xx_hal_flash_ex.o(i.FLASH_Erase_Sector)
    FLASH_FlushCaches                        0x08001e01   Thumb Code    80  stm32f4xx_hal_flash_ex.o(i.FLASH_FlushCaches)
    FLASH_WaitForLastOperation               0x08001f79   Thumb Code    72  stm32f4xx_hal_flash.o(i.FLASH_WaitForLastOperation)
    FSMC_NORSRAM_Extended_Timing_Init        0x08001fc9   Thumb Code    56  stm32f4xx_ll_fsmc.o(i.FSMC_NORSRAM_Extended_Timing_Init)
    FSMC_NORSRAM_Init                        0x08002005   Thumb Code    98  stm32f4xx_ll_fsmc.o(i.FSMC_NORSRAM_Init)
    FSMC_NORSRAM_Timing_Init                 0x0800206d   Thumb Code    64  stm32f4xx_ll_fsmc.o(i.FSMC_NORSRAM_Timing_Init)
    Fan1_Relay_Close                         0x080020b1   Thumb Code    10  relay.o(i.Fan1_Relay_Close)
    Fan1_Relay_Open                          0x080020c1   Thumb Code    10  relay.o(i.Fan1_Relay_Open)
    Fan2_Relay_Close                         0x080020d1   Thumb Code    10  relay.o(i.Fan2_Relay_Close)
    Fan2_Relay_Open                          0x080020e1   Thumb Code    12  relay.o(i.Fan2_Relay_Open)
    Fan3_Relay_Close                         0x080020f1   Thumb Code    10  relay.o(i.Fan3_Relay_Close)
    Fan3_Relay_Open                          0x08002101   Thumb Code    12  relay.o(i.Fan3_Relay_Open)
    Fan_State                                0x08002111   Thumb Code    20  relay.o(i.Fan_State)
    GUI_DrawFont16                           0x08002129   Thumb Code   222  gui.o(i.GUI_DrawFont16)
    GUI_DrawFont24                           0x08002215   Thumb Code   226  gui.o(i.GUI_DrawFont24)
    GUI_DrawFont32                           0x08002305   Thumb Code   222  gui.o(i.GUI_DrawFont32)
    GUI_DrawPoint                            0x080023f1   Thumb Code    18  gui.o(i.GUI_DrawPoint)
    Gui_StrCenter                            0x08002405   Thumb Code    62  gui.o(i.Gui_StrCenter)
    HAL_ADC_ConfigChannel                    0x08002449   Thumb Code   316  stm32f4xx_hal_adc.o(i.HAL_ADC_ConfigChannel)
    HAL_ADC_GetValue                         0x08002595   Thumb Code     6  stm32f4xx_hal_adc.o(i.HAL_ADC_GetValue)
    HAL_ADC_Init                             0x0800259b   Thumb Code    84  stm32f4xx_hal_adc.o(i.HAL_ADC_Init)
    HAL_ADC_MspInit                          0x080025f1   Thumb Code   126  adc.o(i.HAL_ADC_MspInit)
    HAL_ADC_PollForConversion                0x08002681   Thumb Code   170  stm32f4xx_hal_adc.o(i.HAL_ADC_PollForConversion)
    HAL_ADC_Start                            0x0800272d   Thumb Code   228  stm32f4xx_hal_adc.o(i.HAL_ADC_Start)
    HAL_ADC_Stop                             0x08002829   Thumb Code    60  stm32f4xx_hal_adc.o(i.HAL_ADC_Stop)
    HAL_DMA_Abort                            0x08002865   Thumb Code   146  stm32f4xx_hal_dma.o(i.HAL_DMA_Abort)
    HAL_DMA_Abort_IT                         0x080028f7   Thumb Code    36  stm32f4xx_hal_dma.o(i.HAL_DMA_Abort_IT)
    HAL_Delay                                0x0800291d   Thumb Code    32  stm32f4xx_hal.o(i.HAL_Delay)
    HAL_Delay_us                             0x08002941   Thumb Code    44  stm32f4xx_hal.o(i.HAL_Delay_us)
    HAL_FLASHEx_Erase                        0x08002971   Thumb Code   144  stm32f4xx_hal_flash_ex.o(i.HAL_FLASHEx_Erase)
    HAL_FLASH_Lock                           0x08002a09   Thumb Code    14  stm32f4xx_hal_flash.o(i.HAL_FLASH_Lock)
    HAL_FLASH_Program                        0x08002a1d   Thumb Code   116  stm32f4xx_hal_flash.o(i.HAL_FLASH_Program)
    HAL_FLASH_Unlock                         0x08002a99   Thumb Code    32  stm32f4xx_hal_flash.o(i.HAL_FLASH_Unlock)
    HAL_GPIO_Init                            0x08002b69   Thumb Code   450  stm32f4xx_hal_gpio.o(i.HAL_GPIO_Init)
    HAL_GPIO_ReadPin                         0x08002d59   Thumb Code    10  stm32f4xx_hal_gpio.o(i.HAL_GPIO_ReadPin)
    HAL_GPIO_WritePin                        0x08002d63   Thumb Code    10  stm32f4xx_hal_gpio.o(i.HAL_GPIO_WritePin)
    HAL_GetTick                              0x08002d6d   Thumb Code     6  stm32f4xx_hal.o(i.HAL_GetTick)
    HAL_IncTick                              0x08002d79   Thumb Code    12  stm32f4xx_hal.o(i.HAL_IncTick)
    HAL_Init                                 0x08002d89   Thumb Code    48  stm32f4xx_hal.o(i.HAL_Init)
    HAL_InitTick                             0x08002dbd   Thumb Code    54  stm32f4xx_hal.o(i.HAL_InitTick)
    HAL_MspInit                              0x08002dfd   Thumb Code    42  stm32f4xx_hal_msp.o(i.HAL_MspInit)
    HAL_NVIC_EnableIRQ                       0x08002e2d   Thumb Code    26  stm32f4xx_hal_cortex.o(i.HAL_NVIC_EnableIRQ)
    HAL_NVIC_SetPriority                     0x08002e49   Thumb Code    60  stm32f4xx_hal_cortex.o(i.HAL_NVIC_SetPriority)
    HAL_NVIC_SetPriorityGrouping             0x08002e89   Thumb Code    26  stm32f4xx_hal_cortex.o(i.HAL_NVIC_SetPriorityGrouping)
    HAL_RCC_ClockConfig                      0x08002ead   Thumb Code   288  stm32f4xx_hal_rcc.o(i.HAL_RCC_ClockConfig)
    HAL_RCC_GetHCLKFreq                      0x08002fe1   Thumb Code     6  stm32f4xx_hal_rcc.o(i.HAL_RCC_GetHCLKFreq)
    HAL_RCC_GetPCLK1Freq                     0x08002fed   Thumb Code    20  stm32f4xx_hal_rcc.o(i.HAL_RCC_GetPCLK1Freq)
    HAL_RCC_GetPCLK2Freq                     0x0800300d   Thumb Code    20  stm32f4xx_hal_rcc.o(i.HAL_RCC_GetPCLK2Freq)
    HAL_RCC_GetSysClockFreq                  0x0800302d   Thumb Code    88  stm32f4xx_hal_rcc.o(i.HAL_RCC_GetSysClockFreq)
    HAL_RCC_OscConfig                        0x0800308d   Thumb Code   856  stm32f4xx_hal_rcc.o(i.HAL_RCC_OscConfig)
    HAL_SRAM_Init                            0x080033f9   Thumb Code    92  stm32f4xx_hal_sram.o(i.HAL_SRAM_Init)
    HAL_SRAM_MspInit                         0x08003455   Thumb Code     4  fsmc.o(i.HAL_SRAM_MspInit)
    HAL_SYSTICK_Config                       0x08003459   Thumb Code    40  stm32f4xx_hal_cortex.o(i.HAL_SYSTICK_Config)
    HAL_TIMEx_BreakCallback                  0x08003481   Thumb Code     2  stm32f4xx_hal_tim_ex.o(i.HAL_TIMEx_BreakCallback)
    HAL_TIMEx_CommutCallback                 0x08003483   Thumb Code     2  stm32f4xx_hal_tim_ex.o(i.HAL_TIMEx_CommutCallback)
    HAL_TIMEx_MasterConfigSynchronization    0x08003485   Thumb Code   116  stm32f4xx_hal_tim_ex.o(i.HAL_TIMEx_MasterConfigSynchronization)
    HAL_TIM_Base_Init                        0x08003515   Thumb Code    90  stm32f4xx_hal_tim.o(i.HAL_TIM_Base_Init)
    HAL_TIM_Base_MspInit                     0x08003571   Thumb Code    50  tim.o(i.HAL_TIM_Base_MspInit)
    HAL_TIM_Base_Start_IT                    0x080035ad   Thumb Code   100  stm32f4xx_hal_tim.o(i.HAL_TIM_Base_Start_IT)
    HAL_TIM_IC_CaptureCallback               0x0800362d   Thumb Code     2  stm32f4xx_hal_tim.o(i.HAL_TIM_IC_CaptureCallback)
    HAL_TIM_IRQHandler                       0x0800362f   Thumb Code   358  stm32f4xx_hal_tim.o(i.HAL_TIM_IRQHandler)
    HAL_TIM_OC_DelayElapsedCallback          0x08003795   Thumb Code     2  stm32f4xx_hal_tim.o(i.HAL_TIM_OC_DelayElapsedCallback)
    HAL_TIM_PWM_PulseFinishedCallback        0x08003797   Thumb Code     2  stm32f4xx_hal_tim.o(i.HAL_TIM_PWM_PulseFinishedCallback)
    HAL_TIM_PeriodElapsedCallback            0x08003799   Thumb Code    16  tim.o(i.HAL_TIM_PeriodElapsedCallback)
    HAL_TIM_TriggerCallback                  0x080037ad   Thumb Code     2  stm32f4xx_hal_tim.o(i.HAL_TIM_TriggerCallback)
    HAL_UARTEx_RxEventCallback               0x080037af   Thumb Code     2  stm32f4xx_hal_uart.o(i.HAL_UARTEx_RxEventCallback)
    HAL_UART_ErrorCallback                   0x080037b1   Thumb Code     2  stm32f4xx_hal_uart.o(i.HAL_UART_ErrorCallback)
    HAL_UART_IRQHandler                      0x080037b5   Thumb Code   610  stm32f4xx_hal_uart.o(i.HAL_UART_IRQHandler)
    HAL_UART_Init                            0x08003a1d   Thumb Code    98  stm32f4xx_hal_uart.o(i.HAL_UART_Init)
    HAL_UART_MspInit                         0x08003a81   Thumb Code   110  usart.o(i.HAL_UART_MspInit)
    HAL_UART_RxCpltCallback                  0x08003afd   Thumb Code     2  stm32f4xx_hal_uart.o(i.HAL_UART_RxCpltCallback)
    HAL_UART_Transmit                        0x08003b01   Thumb Code   178  stm32f4xx_hal_uart.o(i.HAL_UART_Transmit)
    HAL_UART_TxCpltCallback                  0x08003bb3   Thumb Code     2  stm32f4xx_hal_uart.o(i.HAL_UART_TxCpltCallback)
    HardFault_Handler                        0x08003bb5   Thumb Code     2  stm32f4xx_it.o(i.HardFault_Handler)
    IIC_Ack                                  0x08003bb9   Thumb Code    56  myiic.o(i.IIC_Ack)
    IIC_Init                                 0x08003bf9   Thumb Code    80  myiic.o(i.IIC_Init)
    IIC_NAck                                 0x08003c55   Thumb Code    56  myiic.o(i.IIC_NAck)
    IIC_Read_Byte                            0x08003c95   Thumb Code    96  myiic.o(i.IIC_Read_Byte)
    IIC_Send_Byte                            0x08003cfd   Thumb Code    86  myiic.o(i.IIC_Send_Byte)
    IIC_Start                                0x08003d5d   Thumb Code    56  myiic.o(i.IIC_Start)
    IIC_Stop                                 0x08003d9d   Thumb Code    58  myiic.o(i.IIC_Stop)
    IIC_Wait_Ack                             0x08003de1   Thumb Code    74  myiic.o(i.IIC_Wait_Ack)
    LCD_Clear                                0x08003e35   Thumb Code    82  lcd.o(i.LCD_Clear)
    LCD_DrawLine                             0x08003e91   Thumb Code   154  gui.o(i.LCD_DrawLine)
    LCD_DrawPoint                            0x08003f2d   Thumb Code    18  lcd.o(i.LCD_DrawPoint)
    LCD_Init                                 0x08003f45   Thumb Code   584  lcd.o(i.LCD_Init)
    LCD_RESET                                0x08004191   Thumb Code    34  lcd.o(i.LCD_RESET)
    LCD_SetCursor                            0x080041b9   Thumb Code     8  lcd.o(i.LCD_SetCursor)
    LCD_SetWindows                           0x080041c1   Thumb Code    88  lcd.o(i.LCD_SetWindows)
    LCD_ShowChar                             0x0800421d   Thumb Code   246  gui.o(i.LCD_ShowChar)
    LCD_ShowNum                              0x08004325   Thumb Code   126  gui.o(i.LCD_ShowNum)
    LCD_ShowString                           0x080043a9   Thumb Code    82  gui.o(i.LCD_ShowString)
    LCD_WR_DATA                              0x08004409   Thumb Code    28  lcd.o(i.LCD_WR_DATA)
    LCD_WR_REG                               0x08004429   Thumb Code    28  lcd.o(i.LCD_WR_REG)
    LCD_WriteRAM_Prepare                     0x08004449   Thumb Code     8  lcd.o(i.LCD_WriteRAM_Prepare)
    LCD_WriteReg                             0x08004455   Thumb Code    18  lcd.o(i.LCD_WriteReg)
    LCD_direction                            0x08004469   Thumb Code    72  lcd.o(i.LCD_direction)
    Lcd_WriteData_16Bit                      0x080044b5   Thumb Code    38  lcd.o(i.Lcd_WriteData_16Bit)
    MQTT_DeleteBuffer                        0x080044e1   Thumb Code    28  mqttkit.o(i.MQTT_DeleteBuffer)
    MQTT_DumpLength                          0x080044fd   Thumb Code    38  mqttkit.o(i.MQTT_DumpLength)
    MQTT_NewBuffer                           0x08004523   Thumb Code    82  mqttkit.o(i.MQTT_NewBuffer)
    MQTT_PacketCmdResp                       0x08004575   Thumb Code   114  mqttkit.o(i.MQTT_PacketCmdResp)
    MQTT_PacketConnect                       0x080045f1   Thumb Code   606  mqttkit.o(i.MQTT_PacketConnect)
    MQTT_PacketPublish                       0x08004855   Thumb Code   264  mqttkit.o(i.MQTT_PacketPublish)
    MQTT_PacketPublishAck                    0x0800495d   Thumb Code    70  mqttkit.o(i.MQTT_PacketPublishAck)
    MQTT_PacketPublishComp                   0x080049a3   Thumb Code    70  mqttkit.o(i.MQTT_PacketPublishComp)
    MQTT_PacketPublishRec                    0x080049e9   Thumb Code    70  mqttkit.o(i.MQTT_PacketPublishRec)
    MQTT_PacketPublishRel                    0x08004a2f   Thumb Code    70  mqttkit.o(i.MQTT_PacketPublishRel)
    MQTT_PacketSubscribe                     0x08004a75   Thumb Code   218  mqttkit.o(i.MQTT_PacketSubscribe)
    MQTT_PacketUnSubscribe                   0x08004b51   Thumb Code   206  mqttkit.o(i.MQTT_PacketUnSubscribe)
    MQTT_ReadLength                          0x08004c1f   Thumb Code    62  mqttkit.o(i.MQTT_ReadLength)
    MQTT_UnPacketCmd                         0x08004c5d   Thumb Code   118  mqttkit.o(i.MQTT_UnPacketCmd)
    MQTT_UnPacketConnectAck                  0x08004cd3   Thumb Code    26  mqttkit.o(i.MQTT_UnPacketConnectAck)
    MQTT_UnPacketPublish                     0x08004ced   Thumb Code   298  mqttkit.o(i.MQTT_UnPacketPublish)
    MQTT_UnPacketPublishAck                  0x08004e21   Thumb Code    24  mqttkit.o(i.MQTT_UnPacketPublishAck)
    MQTT_UnPacketPublishComp                 0x08004e39   Thumb Code    24  mqttkit.o(i.MQTT_UnPacketPublishComp)
    MQTT_UnPacketPublishRec                  0x08004e51   Thumb Code    24  mqttkit.o(i.MQTT_UnPacketPublishRec)
    MQTT_UnPacketPublishRel                  0x08004e69   Thumb Code    30  mqttkit.o(i.MQTT_UnPacketPublishRel)
    MQTT_UnPacketRecv                        0x08004e89   Thumb Code    86  mqttkit.o(i.MQTT_UnPacketRecv)
    MQTT_UnPacketSubscribe                   0x08004ee9   Thumb Code    44  mqttkit.o(i.MQTT_UnPacketSubscribe)
    MQTT_UnPacketUnSubscribe                 0x08004f15   Thumb Code    18  mqttkit.o(i.MQTT_UnPacketUnSubscribe)
    MQTT_UnSubscribe                         0x08004f29   Thumb Code    82  mqtt_client.o(i.MQTT_UnSubscribe)
    MX_ADC1_Init                             0x08004f91   Thumb Code    88  adc.o(i.MX_ADC1_Init)
    MX_ADC2_Init                             0x08004ff5   Thumb Code    88  adc.o(i.MX_ADC2_Init)
    MX_FSMC_Init                             0x08005059   Thumb Code   124  fsmc.o(i.MX_FSMC_Init)
    MX_GPIO_Init                             0x080050dd   Thumb Code   404  gpio.o(i.MX_GPIO_Init)
    MX_TIM6_Init                             0x0800528d   Thumb Code    62  tim.o(i.MX_TIM6_Init)
    MX_USART1_UART_Init                      0x080052d5   Thumb Code    48  usart.o(i.MX_USART1_UART_Init)
    MemManage_Handler                        0x0800530d   Thumb Code     2  stm32f4xx_it.o(i.MemManage_Handler)
    NMI_Handler                              0x0800530f   Thumb Code     2  stm32f4xx_it.o(i.NMI_Handler)
    NibbleToHex                              0x08005311   Thumb Code    16  dhcp.o(i.NibbleToHex)
    PendSV_Handler                           0x08005321   Thumb Code     2  stm32f4xx_it.o(i.PendSV_Handler)
    ReadFlashNBtye                           0x08005325   Thumb Code     8  bsp_flash.o(i.ReadFlashNBtye)
    SPIv_WriteData                           0x08005331   Thumb Code    46  spi.o(i.SPIv_WriteData)
    STMFLASH_GetFlashSector                  0x08005365   Thumb Code   114  bsp_flash.o(i.STMFLASH_GetFlashSector)
    STMFLASH_Read                            0x08005405   Thumb Code    20  bsp_flash.o(i.STMFLASH_Read)
    STMFLASH_Write                           0x08005419   Thumb Code   146  bsp_flash.o(i.STMFLASH_Write)
    SVC_Handler                              0x080054b1   Thumb Code     2  stm32f4xx_it.o(i.SVC_Handler)
    Show_Str                                 0x080054b5   Thumb Code   200  gui.o(i.Show_Str)
    SysTick_Handler                          0x08005581   Thumb Code     4  stm32f4xx_it.o(i.SysTick_Handler)
    SystemClock_Config                       0x08005585   Thumb Code   142  main.o(i.SystemClock_Config)
    SystemInit                               0x0800561d   Thumb Code    12  system_stm32f4xx.o(i.SystemInit)
    TIM6_DAC_IRQHandler                      0x0800562d   Thumb Code     6  stm32f4xx_it.o(i.TIM6_DAC_IRQHandler)
    TIM_Base_SetConfig                       0x08005639   Thumb Code   156  stm32f4xx_hal_tim.o(i.TIM_Base_SetConfig)
    TP_Adj_Info_Show                         0x08005701   Thumb Code   294  touch.o(i.TP_Adj_Info_Show)
    TP_Adjust                                0x08005855   Thumb Code   984  touch.o(i.TP_Adjust)
    TP_Drow_Touch_Point                      0x08005c91   Thumb Code   118  touch.o(i.TP_Drow_Touch_Point)
    TP_Get_Adjdata                           0x08005d0d   Thumb Code   130  touch.o(i.TP_Get_Adjdata)
    TP_Init                                  0x08005d99   Thumb Code   236  touch.o(i.TP_Init)
    TP_Read_AD                               0x08005e99   Thumb Code   126  touch.o(i.TP_Read_AD)
    TP_Read_XOY                              0x08005f25   Thumb Code   100  touch.o(i.TP_Read_XOY)
    TP_Read_XY                               0x08005f89   Thumb Code    34  touch.o(i.TP_Read_XY)
    TP_Read_XY2                              0x08005fb1   Thumb Code   122  touch.o(i.TP_Read_XY2)
    TP_Save_Adjdata                          0x0800602d   Thumb Code   110  touch.o(i.TP_Save_Adjdata)
    TP_Scan                                  0x080060a5   Thumb Code   172  touch.o(i.TP_Scan)
    TP_Write_Byte                            0x08006159   Thumb Code    64  touch.o(i.TP_Write_Byte)
    Touch_Test                               0x080061a1   Thumb Code  1270  show_lcd.o(i.Touch_Test)
    USART1_IRQHandler                        0x08006979   Thumb Code     6  stm32f4xx_it.o(i.USART1_IRQHandler)
    UsageFault_Handler                       0x08006985   Thumb Code     2  stm32f4xx_it.o(i.UsageFault_Handler)
    WIZCHIP_READ                             0x08006989   Thumb Code     6  w5300.o(i.WIZCHIP_READ)
    WIZCHIP_WRITE                            0x08006995   Thumb Code     6  w5300.o(i.WIZCHIP_WRITE)
    Yl69_Read                                0x080069a1   Thumb Code   118  yl_69.o(i.Yl69_Read)
    __0printf                                0x08006a3d   Thumb Code    22  printfa.o(i.__0printf)
    __1printf                                0x08006a3d   Thumb Code     0  printfa.o(i.__0printf)
    __2printf                                0x08006a3d   Thumb Code     0  printfa.o(i.__0printf)
    __c89printf                              0x08006a3d   Thumb Code     0  printfa.o(i.__0printf)
    printf                                   0x08006a3d   Thumb Code     0  printfa.o(i.__0printf)
    __aeabi_errno_addr                       0x08006a7d   Thumb Code     4  errno.o(i.__aeabi_errno_addr)
    __rt_errno_addr                          0x08006a7d   Thumb Code     0  errno.o(i.__aeabi_errno_addr)
    free                                     0x08006a85   Thumb Code    88  mallocr.o(i.__free$realloc)
    __hardfp_sqrt                            0x08006ae1   Thumb Code   122  sqrt.o(i.__hardfp_sqrt)
    malloc                                   0x08006b5d   Thumb Code    64  mallocr.o(i.__malloc$realloc)
    __scatterload_copy                       0x08006bad   Thumb Code    14  handlers.o(i.__scatterload_copy)
    __scatterload_null                       0x08006bbb   Thumb Code     2  handlers.o(i.__scatterload_null)
    __scatterload_zeroinit                   0x08006bbd   Thumb Code    14  handlers.o(i.__scatterload_zeroinit)
    __set_errno                              0x08006bcd   Thumb Code     6  errno.o(i.__set_errno)
    _draw_circle_8                           0x08006bd9   Thumb Code   152  gui.o(i._draw_circle_8)
    aly_sensor                               0x08007505   Thumb Code   186  tcp_client.o(i.aly_sensor)
    check_DHCP_leasedIP                      0x08007609   Thumb Code    80  dhcp.o(i.check_DHCP_leasedIP)
    check_DHCP_timeout                       0x08007691   Thumb Code   102  dhcp.o(i.check_DHCP_timeout)
    check_DNS_timeout                        0x080076fd   Thumb Code    36  dns.o(i.check_DNS_timeout)
    close                                    0x08007725   Thumb Code   232  socket.o(i.close)
    connect                                  0x0800781d   Thumb Code   276  socket.o(i.connect)
    default_ip_assign                        0x08007939   Thumb Code   290  dhcp.o(i.default_ip_assign)
    default_ip_conflict                      0x08007ad1   Thumb Code    68  dhcp.o(i.default_ip_conflict)
    default_ip_update                        0x08007b1d   Thumb Code    72  dhcp.o(i.default_ip_update)
    dhcp_timer_init                          0x08007b6d   Thumb Code    16  w5300_conf.o(i.dhcp_timer_init)
    dns_answer                               0x08007b81   Thumb Code   174  dns.o(i.dns_answer)
    dns_makequery                            0x08007c31   Thumb Code   176  dns.o(i.dns_makequery)
    dns_question                             0x08007ce5   Thumb Code    30  dns.o(i.dns_question)
    do_mqtttcp_client                        0x08007d05   Thumb Code   348  tcp_client.o(i.do_mqtttcp_client)
    fputc                                    0x08007ec5   Thumb Code    20  usart.o(i.fputc)
    g5516_Read                               0x08007edd   Thumb Code    68  g5516.o(i.g5516_Read)
    get16                                    0x08007f49   Thumb Code    12  dns.o(i.get16)
    getRMSR                                  0x08007f55   Thumb Code    34  w5300.o(i.getRMSR)
    getSn_RX_RSR                             0x08007f79   Thumb Code    60  w5300.o(i.getSn_RX_RSR)
    getSn_TX_FSR                             0x08007fbd   Thumb Code    48  w5300.o(i.getSn_TX_FSR)
    getTMSR                                  0x08007ff1   Thumb Code    34  w5300.o(i.getTMSR)
    gui_circle                               0x08008013   Thumb Code   132  gui.o(i.gui_circle)
    main                                     0x080080e9   Thumb Code    74  main.o(i.main)
    makeDHCPMSG                              0x08008145   Thumb Code   190  dhcp.o(i.makeDHCPMSG)
    mypow                                    0x08008209   Thumb Code    16  gui.o(i.mypow)
    parseDHCPMSG                             0x08008219   Thumb Code   474  dhcp.o(i.parseDHCPMSG)
    parseDNSMSG                              0x08008499   Thumb Code   214  dns.o(i.parseDNSMSG)
    parse_name                               0x08008571   Thumb Code   114  dns.o(i.parse_name)
    put16                                    0x080085e3   Thumb Code    12  dns.o(i.put16)
    recv                                     0x080085f1   Thumb Code   424  socket.o(i.recv)
    recvfrom                                 0x080087a5   Thumb Code   716  socket.o(i.recvfrom)
    reset_DHCP_timeout                       0x08008a7d   Thumb Code    14  dhcp.o(i.reset_DHCP_timeout)
    reset_w5300                              0x08008a91   Thumb Code    44  w5300_conf.o(i.reset_w5300)
    send                                     0x08008ac1   Thumb Code   302  socket.o(i.send)
    send_DHCP_DECLINE                        0x08008bf9   Thumb Code   256  dhcp.o(i.send_DHCP_DECLINE)
    send_DHCP_DISCOVER                       0x08008d15   Thumb Code   472  dhcp.o(i.send_DHCP_DISCOVER)
    send_DHCP_REQUEST                        0x08008f09   Thumb Code   656  dhcp.o(i.send_DHCP_REQUEST)
    sendto                                   0x080091b5   Thumb Code   612  socket.o(i.sendto)
    setRMSR                                  0x08009425   Thumb Code    50  w5300.o(i.setRMSR)
    setTMSR                                  0x08009457   Thumb Code    50  w5300.o(i.setTMSR)
    set_w5300_mac                            0x08009489   Thumb Code   152  w5300_conf.o(i.set_w5300_mac)
    set_w5300_netinfo                        0x08009559   Thumb Code   400  w5300_conf.o(i.set_w5300_netinfo)
    socket                                   0x0800972d   Thumb Code   308  socket.o(i.socket)
    sysinit                                  0x08009871   Thumb Code    36  w5300_conf.o(i.sysinit)
    timer2_isr                               0x08009899   Thumb Code    58  w5300_conf.o(i.timer2_isr)
    uBinaryToAscii                           0x080098e5   Thumb Code    80  serial_studio.o(i.uBinaryToAscii)
    uart_insert                              0x08009935   Thumb Code   232  tcp_client.o(i.uart_insert)
    wiz_recv_data                            0x08009a1d   Thumb Code    62  w5300.o(i.wiz_recv_data)
    wiz_recv_ignore                          0x08009a65   Thumb Code    28  w5300.o(i.wiz_recv_ignore)
    wiz_send_data                            0x08009a85   Thumb Code    44  w5300.o(i.wiz_send_data)
    wizchip_bus_readdata                     0x08009ab5   Thumb Code     4  wizchip_conf.o(i.wizchip_bus_readdata)
    wizchip_bus_writedata                    0x08009ab9   Thumb Code     4  wizchip_conf.o(i.wizchip_bus_writedata)
    wizchip_cris_enter                       0x08009abd   Thumb Code     2  wizchip_conf.o(i.wizchip_cris_enter)
    wizchip_cris_exit                        0x08009abf   Thumb Code     2  wizchip_conf.o(i.wizchip_cris_exit)
    wizchip_cs_deselect                      0x08009ac1   Thumb Code     2  wizchip_conf.o(i.wizchip_cs_deselect)
    wizchip_cs_select                        0x08009ac3   Thumb Code     2  wizchip_conf.o(i.wizchip_cs_select)
    AHBPrescTable                            0x08009ac4   Data          16  system_stm32f4xx.o(.constdata)
    APBPrescTable                            0x08009ad4   Data           8  system_stm32f4xx.o(.constdata)
    asc2_1206                                0x08009adc   Data        1140  gui.o(.constdata)
    asc2_1608                                0x08009f50   Data        1520  gui.o(.constdata)
    tfont16                                  0x0800a540   Data        2108  gui.o(.constdata)
    tfont24                                  0x0800ad7c   Data         518  gui.o(.constdata)
    tfont32                                  0x0800af82   Data         520  gui.o(.constdata)
    __ctype_table                            0x0800b18a   Data         129  ctype_o.o(.constdata)
    Region$$Table$$Base                      0x0800b30c   Number         0  anon$$obj.o(Region$$Table)
    Region$$Table$$Limit                     0x0800b32c   Number         0  anon$$obj.o(Region$$Table)
    uwTickFreq                               0x20000008   Data           1  stm32f4xx_hal.o(.data)
    uwTickPrio                               0x2000000c   Data           4  stm32f4xx_hal.o(.data)
    uwTick                                   0x20000010   Data           4  stm32f4xx_hal.o(.data)
    SystemCoreClock                          0x20000014   Data           4  system_stm32f4xx.o(.data)
    sock_pack_info                           0x2000001e   Data           8  socket.o(.data)
    sock_remained_byte                       0x20000026   Data           8  socket.o(.data)
    ip_from                                  0x20000030   Data           1  w5300_conf.o(.data)
    s                                        0x20000031   Data           1  w5300_conf.o(.data)
    MQTT_ping_time                           0x20000032   Data           1  w5300_conf.o(.data)
    local_ip                                 0x20000033   Data           4  w5300_conf.o(.data)
    subnet                                   0x20000037   Data           4  w5300_conf.o(.data)
    gateway                                  0x2000003b   Data           4  w5300_conf.o(.data)
    dns_server                               0x2000003f   Data           4  w5300_conf.o(.data)
    ms                                       0x20000044   Data           4  w5300_conf.o(.data)
    mac                                      0x20000048   Data           6  w5300_conf.o(.data)
    txsize                                   0x2000004e   Data           8  w5300_conf.o(.data)
    rxsize                                   0x20000056   Data           8  w5300_conf.o(.data)
    local_port                               0x2000005e   Data           2  w5300_conf.o(.data)
    WIZCHIP                                  0x20000068   Data          44  wizchip_conf.o(.data)
    dhcp_state                               0x20000094   Data           1  dhcp.o(.data)
    dhcp_retry_count                         0x20000095   Data           1  dhcp.o(.data)
    DHCP_SOCKET                              0x20000096   Data           1  dhcp.o(.data)
    OLD_allocated_ip                         0x20000097   Data           4  dhcp.o(.data)
    DHCP_allocated_ip                        0x2000009b   Data           4  dhcp.o(.data)
    DHCP_allocated_gw                        0x2000009f   Data           4  dhcp.o(.data)
    DHCP_allocated_sn                        0x200000a3   Data           4  dhcp.o(.data)
    DHCP_allocated_dns                       0x200000a7   Data           4  dhcp.o(.data)
    dhcp_lease_time                          0x200000ac   Data           4  dhcp.o(.data)
    dhcp_tick_1s                             0x200000b0   Data           4  dhcp.o(.data)
    dhcp_tick_next                           0x200000b4   Data           4  dhcp.o(.data)
    dhcp_ip_assign                           0x200000b8   Data           4  dhcp.o(.data)
    dhcp_ip_update                           0x200000bc   Data           4  dhcp.o(.data)
    dhcp_ip_conflict                         0x200000c0   Data           4  dhcp.o(.data)
    DHCP_SIP                                 0x200000c4   Data           4  dhcp.o(.data)
    DHCP_REAL_SIP                            0x200000c8   Data           4  dhcp.o(.data)
    DHCP_XID                                 0x200000cc   Data           4  dhcp.o(.data)
    pDHCPMSG                                 0x200000d0   Data           4  dhcp.o(.data)
    DHCP_CHADDR                              0x200000d4   Data           6  dhcp.o(.data)
    HOST_NAME                                0x200000da   Data           8  dhcp.o(.data)
    DNS_SOCKET                               0x200000e4   Data           1  dns.o(.data)
    DNS_MSGID                                0x200000e6   Data           2  dns.o(.data)
    pDNSMSG                                  0x200000e8   Data           4  dns.o(.data)
    dns_1s_tick                              0x200000ec   Data           4  dns.o(.data)
    flag                                     0x200000f4   Data           4  mqtt_client.o(.data)
    mqtt_connect                             0x200000f8   Data           1  tcp_client.o(.data)
    temperature                              0x200000f9   Data           1  tcp_client.o(.data)
    humidity                                 0x200000fa   Data           1  tcp_client.o(.data)
    yl69_humidity                            0x200000fb   Data           1  tcp_client.o(.data)
    BD_TG_server_port                        0x200000fc   Data           2  tcp_client.o(.data)
    BD_TG_ping_pak                           0x200000fe   Data           2  tcp_client.o(.data)
    g5516_LightLux                           0x20000100   Data           2  tcp_client.o(.data)
    BD_TG_server_ip                          0x20000102   Data           4  tcp_client.o(.data)
    MQTT_STATE                               0x20000108   Data           4  tcp_client.o(.data)
    data_ptr                                 0x2000010c   Data           4  tcp_client.o(.data)
    device_set_topics                        0x20000110   Data         600  tcp_client.o(.data)
    device_set_topics1                       0x20000368   Data         600  tcp_client.o(.data)
    aly_sensor_arr                           0x200005c0   Data         200  tcp_client.o(.data)
    POINT_COLOR                              0x20000688   Data           2  lcd.o(.data)
    BACK_COLOR                               0x2000068a   Data           2  lcd.o(.data)
    CMD_RDX                                  0x2000068c   Data           1  touch.o(.data)
    CMD_RDY                                  0x2000068d   Data           1  touch.o(.data)
    tp_dev                                   0x20000690   Data          40  touch.o(.data)
    __stdout                                 0x200006b8   Data           4  stdout.o(.data)
    __microlib_freelist                      0x200006bc   Data           4  mvars.o(.data)
    __microlib_freelist_initialised          0x200006c0   Data           4  mvars.o(.data)
    hadc1                                    0x200006c8   Data          72  adc.o(.bss)
    hadc2                                    0x20000710   Data          72  adc.o(.bss)
    hsram1                                   0x20000758   Data          80  fsmc.o(.bss)
    htim6                                    0x200007a8   Data          72  tim.o(.bss)
    huart1                                   0x200007f0   Data          68  usart.o(.bss)
    pFlash                                   0x20000834   Data          32  stm32f4xx_hal_flash.o(.bss)
    ConfigMsg                                0x20000864   Data          28  w5300_conf.o(.bss)
    EXTERN_DHCPBUF                           0x20000880   Data        1000  dhcp.o(.bss)
    DNSBUF                                   0x20000c68   Data        1024  dns.o(.bss)
    w5500_buf                                0x20001068   Data         128  mqtt_client.o(.bss)
    publish_buf                              0x200010e8   Data          64  mqtt_client.o(.bss)
    tcp_client_buff                          0x20001128   Data        2048  tcp_client.o(.bss)
    lcddev                                   0x20001928   Data          14  lcd.o(.bss)
    __heap_base                              0x20001938   Data           0  startup_stm32f407xx.o(HEAP)
    __heap_limit                             0x20001d38   Data           0  startup_stm32f407xx.o(HEAP)
    __initial_sp                             0x20002538   Data           0  startup_stm32f407xx.o(STACK)



==============================================================================

Memory Map of the image

  Image Entry point : 0x08000189

  Load Region LR_IROM1 (Base: 0x08000000, Size: 0x0000b9f4, Max: 0x00080000, ABSOLUTE, COMPRESSED[0x0000b45c])

    Execution Region ER_IROM1 (Base: 0x08000000, Size: 0x0000b32c, Max: 0x00080000, ABSOLUTE)

    Base Addr    Size         Type   Attr      Idx    E Section Name        Object

    0x08000000   0x00000188   Data   RO            3    RESET               startup_stm32f407xx.o
    0x08000188   0x00000000   Code   RO         6354  * .ARM.Collect$$$$00000000  mc_w.l(entry.o)
    0x08000188   0x00000004   Code   RO         6712    .ARM.Collect$$$$00000001  mc_w.l(entry2.o)
    0x0800018c   0x00000004   Code   RO         6715    .ARM.Collect$$$$00000004  mc_w.l(entry5.o)
    0x08000190   0x00000000   Code   RO         6717    .ARM.Collect$$$$00000008  mc_w.l(entry7b.o)
    0x08000190   0x00000000   Code   RO         6719    .ARM.Collect$$$$0000000A  mc_w.l(entry8b.o)
    0x08000190   0x00000008   Code   RO         6720    .ARM.Collect$$$$0000000B  mc_w.l(entry9a.o)
    0x08000198   0x00000000   Code   RO         6722    .ARM.Collect$$$$0000000D  mc_w.l(entry10a.o)
    0x08000198   0x00000000   Code   RO         6724    .ARM.Collect$$$$0000000F  mc_w.l(entry11a.o)
    0x08000198   0x00000004   Code   RO         6713    .ARM.Collect$$$$00002712  mc_w.l(entry2.o)
    0x0800019c   0x00000024   Code   RO            4    .text               startup_stm32f407xx.o
    0x080001c0   0x00000062   Code   RO         6357    .text               mc_w.l(uldiv.o)
    0x08000222   0x00000024   Code   RO         6361    .text               mc_w.l(memcpya.o)
    0x08000246   0x00000024   Code   RO         6363    .text               mc_w.l(memseta.o)
    0x0800026a   0x00000018   Code   RO         6365    .text               mc_w.l(strcat.o)
    0x08000282   0x00000024   Code   RO         6367    .text               mc_w.l(strstr.o)
    0x080002a6   0x00000018   Code   RO         6369    .text               mc_w.l(strncpy.o)
    0x080002be   0x00000014   Code   RO         6371    .text               mc_w.l(strchr.o)
    0x080002d2   0x0000000e   Code   RO         6373    .text               mc_w.l(strlen.o)
    0x080002e0   0x0000001a   Code   RO         6377    .text               mc_w.l(memcmp.o)
    0x080002fa   0x00000028   Code   RO         6379    .text               mc_w.l(strncat.o)
    0x08000322   0x00000012   Code   RO         6381    .text               mc_w.l(strcpy.o)
    0x08000334   0x0000001a   Code   RO         6688    .text               mc_w.l(atoi.o)
    0x0800034e   0x0000014e   Code   RO         6690    .text               mf_w.l(dadd.o)
    0x0800049c   0x000000e4   Code   RO         6692    .text               mf_w.l(dmul.o)
    0x08000580   0x000000de   Code   RO         6694    .text               mf_w.l(ddiv.o)
    0x0800065e   0x0000001a   Code   RO         6698    .text               mf_w.l(dfltui.o)
    0x08000678   0x00000032   Code   RO         6702    .text               mf_w.l(dfixui.o)
    0x080006aa   0x00000026   Code   RO         6704    .text               mf_w.l(f2d.o)
    0x080006d0   0x00000030   Code   RO         6706    .text               mf_w.l(cdcmple.o)
    0x08000700   0x00000030   Code   RO         6708    .text               mf_w.l(cdrcmple.o)
    0x08000730   0x00000038   Code   RO         6710    .text               mf_w.l(d2f.o)
    0x08000768   0x0000002c   Code   RO         6727    .text               mc_w.l(uidiv.o)
    0x08000794   0x0000001e   Code   RO         6729    .text               mc_w.l(llshl.o)
    0x080007b2   0x00000020   Code   RO         6731    .text               mc_w.l(llushr.o)
    0x080007d2   0x00000024   Code   RO         6733    .text               mc_w.l(llsshr.o)
    0x080007f6   0x00000070   Code   RO         6750    .text               mc_w.l(strtol.o)
    0x08000866   0x00000000   Code   RO         6752    .text               mc_w.l(iusefp.o)
    0x08000866   0x0000006e   Code   RO         6753    .text               mf_w.l(fepilogue.o)
    0x080008d4   0x000000ba   Code   RO         6755    .text               mf_w.l(depilogue.o)
    0x0800098e   0x000000a2   Code   RO         6757    .text               mf_w.l(dsqrt.o)
    0x08000a30   0x00000030   Code   RO         6761    .text               mf_w.l(dfixul.o)
    0x08000a60   0x00000024   Code   RO         6763    .text               mc_w.l(init.o)
    0x08000a84   0x00000008   Code   RO         6767    .text               mc_w.l(ctype_o.o)
    0x08000a8c   0x0000009e   Code   RO         6797    .text               mc_w.l(_strtoul.o)
    0x08000b2a   0x0000001c   Code   RO         6802    .text               mc_w.l(_chval.o)
    0x08000b46   0x00000056   Code   RO         6812    .text               mc_w.l(__dczerorl2.o)
    0x08000b9c   0x00000128   Code   RO          582    i.ADC_Init          stm32f4xx_hal_adc.o
    0x08000cc4   0x00000004   Code   RO         5739    i.AT24CXX_Init      24cxx.o
    0x08000cc8   0x0000002a   Code   RO         5741    i.AT24CXX_ReadLenByte  24cxx.o
    0x08000cf2   0x00000042   Code   RO         5742    i.AT24CXX_ReadOneByte  24cxx.o
    0x08000d34   0x0000002a   Code   RO         5744    i.AT24CXX_WriteLenByte  24cxx.o
    0x08000d5e   0x0000003e   Code   RO         5745    i.AT24CXX_WriteOneByte  24cxx.o
    0x08000d9c   0x0000021c   Code   RO         4555    i.BD_TG_DevLink     mqtt_client.o
    0x08000fb8   0x00000074   Code   RO         4556    i.BD_TG_Publish     mqtt_client.o
    0x0800102c   0x00000414   Code   RO         4557    i.BD_TG_RevPro      mqtt_client.o
    0x08001440   0x00000080   Code   RO         4558    i.BD_TG_Subscribe   mqtt_client.o
    0x080014c0   0x00000002   Code   RO          467    i.BusFault_Handler  stm32f4xx_it.o
    0x080014c2   0x00000002   PAD
    0x080014c4   0x0000010c   Code   RO         4163    i.DHCP_init         dhcp.o
    0x080015d0   0x0000022c   Code   RO         4164    i.DHCP_run          dhcp.o
    0x080017fc   0x0000005c   Code   RO         5495    i.DHT11_CheckExist  dht11.o
    0x08001858   0x00000040   Code   RO         5496    i.DHT11_IO_IN       dht11.o
    0x08001898   0x0000004c   Code   RO         5497    i.DHT11_IO_OUT      dht11.o
    0x080018e4   0x0000000e   Code   RO         5498    i.DHT11_Init        dht11.o
    0x080018f2   0x00000002   PAD
    0x080018f4   0x0000005c   Code   RO         5499    i.DHT11_Read_Bit    dht11.o
    0x08001950   0x0000001a   Code   RO         5500    i.DHT11_Read_Byte   dht11.o
    0x0800196a   0x00000050   Code   RO         5501    i.DHT11_Read_Data   dht11.o
    0x080019ba   0x00000002   PAD
    0x080019bc   0x00000034   Code   RO         5502    i.DHT11_Reset       dht11.o
    0x080019f0   0x00000014   Code   RO         4330    i.DNS_init          dns.o
    0x08001a04   0x000001a0   Code   RO         4331    i.DNS_run           dns.o
    0x08001ba4   0x00000002   Code   RO          468    i.DebugMon_Handler  stm32f4xx_it.o
    0x08001ba6   0x00000002   PAD
    0x08001ba8   0x00000204   Code   RO         6154    i.English_Font_test  show_lcd.o
    0x08001dac   0x00000004   Code   RO           13    i.Error_Handler     main.o
    0x08001db0   0x00000050   Code   RO         1131    i.FLASH_Erase_Sector  stm32f4xx_hal_flash_ex.o
    0x08001e00   0x00000054   Code   RO         1132    i.FLASH_FlushCaches  stm32f4xx_hal_flash_ex.o
    0x08001e54   0x00000028   Code   RO         1133    i.FLASH_MassErase   stm32f4xx_hal_flash_ex.o
    0x08001e7c   0x00000020   Code   RO         1013    i.FLASH_Program_Byte  stm32f4xx_hal_flash.o
    0x08001e9c   0x0000002c   Code   RO         1014    i.FLASH_Program_DoubleWord  stm32f4xx_hal_flash.o
    0x08001ec8   0x00000024   Code   RO         1015    i.FLASH_Program_HalfWord  stm32f4xx_hal_flash.o
    0x08001eec   0x00000024   Code   RO         1016    i.FLASH_Program_Word  stm32f4xx_hal_flash.o
    0x08001f10   0x00000068   Code   RO         1017    i.FLASH_SetErrorCode  stm32f4xx_hal_flash.o
    0x08001f78   0x00000050   Code   RO         1018    i.FLASH_WaitForLastOperation  stm32f4xx_hal_flash.o
    0x08001fc8   0x0000003c   Code   RO         2003    i.FSMC_NORSRAM_Extended_Timing_Init  stm32f4xx_ll_fsmc.o
    0x08002004   0x00000068   Code   RO         2004    i.FSMC_NORSRAM_Init  stm32f4xx_ll_fsmc.o
    0x0800206c   0x00000044   Code   RO         2005    i.FSMC_NORSRAM_Timing_Init  stm32f4xx_ll_fsmc.o
    0x080020b0   0x00000010   Code   RO         5563    i.Fan1_Relay_Close  relay.o
    0x080020c0   0x00000010   Code   RO         5564    i.Fan1_Relay_Open   relay.o
    0x080020d0   0x00000010   Code   RO         5565    i.Fan2_Relay_Close  relay.o
    0x080020e0   0x00000010   Code   RO         5566    i.Fan2_Relay_Open   relay.o
    0x080020f0   0x00000010   Code   RO         5567    i.Fan3_Relay_Close  relay.o
    0x08002100   0x00000010   Code   RO         5568    i.Fan3_Relay_Open   relay.o
    0x08002110   0x00000018   Code   RO         5569    i.Fan_State         relay.o
    0x08002128   0x000000ec   Code   RO         5815    i.GUI_DrawFont16    gui.o
    0x08002214   0x000000f0   Code   RO         5816    i.GUI_DrawFont24    gui.o
    0x08002304   0x000000ec   Code   RO         5817    i.GUI_DrawFont32    gui.o
    0x080023f0   0x00000012   Code   RO         5818    i.GUI_DrawPoint     gui.o
    0x08002402   0x00000002   PAD
    0x08002404   0x00000044   Code   RO         5820    i.Gui_StrCenter     gui.o
    0x08002448   0x0000014c   Code   RO          584    i.HAL_ADC_ConfigChannel  stm32f4xx_hal_adc.o
    0x08002594   0x00000006   Code   RO          591    i.HAL_ADC_GetValue  stm32f4xx_hal_adc.o
    0x0800259a   0x00000054   Code   RO          593    i.HAL_ADC_Init      stm32f4xx_hal_adc.o
    0x080025ee   0x00000002   PAD
    0x080025f0   0x00000090   Code   RO          276    i.HAL_ADC_MspInit   adc.o
    0x08002680   0x000000aa   Code   RO          597    i.HAL_ADC_PollForConversion  stm32f4xx_hal_adc.o
    0x0800272a   0x00000002   PAD
    0x0800272c   0x000000fc   Code   RO          599    i.HAL_ADC_Start     stm32f4xx_hal_adc.o
    0x08002828   0x0000003c   Code   RO          602    i.HAL_ADC_Stop      stm32f4xx_hal_adc.o
    0x08002864   0x00000092   Code   RO         1319    i.HAL_DMA_Abort     stm32f4xx_hal_dma.o
    0x080028f6   0x00000024   Code   RO         1320    i.HAL_DMA_Abort_IT  stm32f4xx_hal_dma.o
    0x0800291a   0x00000002   PAD
    0x0800291c   0x00000024   Code   RO         1738    i.HAL_Delay         stm32f4xx_hal.o
    0x08002940   0x00000030   Code   RO         1739    i.HAL_Delay_us      stm32f4xx_hal.o
    0x08002970   0x00000098   Code   RO         1134    i.HAL_FLASHEx_Erase  stm32f4xx_hal_flash_ex.o
    0x08002a08   0x00000014   Code   RO         1022    i.HAL_FLASH_Lock    stm32f4xx_hal_flash.o
    0x08002a1c   0x0000007c   Code   RO         1027    i.HAL_FLASH_Program  stm32f4xx_hal_flash.o
    0x08002a98   0x0000002c   Code   RO         1029    i.HAL_FLASH_Unlock  stm32f4xx_hal_flash.o
    0x08002ac4   0x000000a4   Code   RO          323    i.HAL_FSMC_MspInit  fsmc.o
    0x08002b68   0x000001f0   Code   RO         1212    i.HAL_GPIO_Init     stm32f4xx_hal_gpio.o
    0x08002d58   0x0000000a   Code   RO         1214    i.HAL_GPIO_ReadPin  stm32f4xx_hal_gpio.o
    0x08002d62   0x0000000a   Code   RO         1216    i.HAL_GPIO_WritePin  stm32f4xx_hal_gpio.o
    0x08002d6c   0x0000000c   Code   RO         1745    i.HAL_GetTick       stm32f4xx_hal.o
    0x08002d78   0x00000010   Code   RO         1751    i.HAL_IncTick       stm32f4xx_hal.o
    0x08002d88   0x00000034   Code   RO         1752    i.HAL_Init          stm32f4xx_hal.o
    0x08002dbc   0x00000040   Code   RO         1753    i.HAL_InitTick      stm32f4xx_hal.o
    0x08002dfc   0x00000030   Code   RO          555    i.HAL_MspInit       stm32f4xx_hal_msp.o
    0x08002e2c   0x0000001a   Code   RO         1601    i.HAL_NVIC_EnableIRQ  stm32f4xx_hal_cortex.o
    0x08002e46   0x00000002   PAD
    0x08002e48   0x00000040   Code   RO         1607    i.HAL_NVIC_SetPriority  stm32f4xx_hal_cortex.o
    0x08002e88   0x00000024   Code   RO         1608    i.HAL_NVIC_SetPriorityGrouping  stm32f4xx_hal_cortex.o
    0x08002eac   0x00000134   Code   RO          858    i.HAL_RCC_ClockConfig  stm32f4xx_hal_rcc.o
    0x08002fe0   0x0000000c   Code   RO          863    i.HAL_RCC_GetHCLKFreq  stm32f4xx_hal_rcc.o
    0x08002fec   0x00000020   Code   RO          865    i.HAL_RCC_GetPCLK1Freq  stm32f4xx_hal_rcc.o
    0x0800300c   0x00000020   Code   RO          866    i.HAL_RCC_GetPCLK2Freq  stm32f4xx_hal_rcc.o
    0x0800302c   0x00000060   Code   RO          867    i.HAL_RCC_GetSysClockFreq  stm32f4xx_hal_rcc.o
    0x0800308c   0x0000036c   Code   RO          870    i.HAL_RCC_OscConfig  stm32f4xx_hal_rcc.o
    0x080033f8   0x0000005c   Code   RO         2125    i.HAL_SRAM_Init     stm32f4xx_hal_sram.o
    0x08003454   0x00000004   Code   RO          325    i.HAL_SRAM_MspInit  fsmc.o
    0x08003458   0x00000028   Code   RO         1612    i.HAL_SYSTICK_Config  stm32f4xx_hal_cortex.o
    0x08003480   0x00000002   Code   RO         2962    i.HAL_TIMEx_BreakCallback  stm32f4xx_hal_tim_ex.o
    0x08003482   0x00000002   Code   RO         2963    i.HAL_TIMEx_CommutCallback  stm32f4xx_hal_tim_ex.o
    0x08003484   0x00000090   Code   RO         2981    i.HAL_TIMEx_MasterConfigSynchronization  stm32f4xx_hal_tim_ex.o
    0x08003514   0x0000005a   Code   RO         2258    i.HAL_TIM_Base_Init  stm32f4xx_hal_tim.o
    0x0800356e   0x00000002   PAD
    0x08003570   0x0000003c   Code   RO          372    i.HAL_TIM_Base_MspInit  tim.o
    0x080035ac   0x00000080   Code   RO         2263    i.HAL_TIM_Base_Start_IT  stm32f4xx_hal_tim.o
    0x0800362c   0x00000002   Code   RO         2292    i.HAL_TIM_IC_CaptureCallback  stm32f4xx_hal_tim.o
    0x0800362e   0x00000166   Code   RO         2306    i.HAL_TIM_IRQHandler  stm32f4xx_hal_tim.o
    0x08003794   0x00000002   Code   RO         2309    i.HAL_TIM_OC_DelayElapsedCallback  stm32f4xx_hal_tim.o
    0x08003796   0x00000002   Code   RO         2336    i.HAL_TIM_PWM_PulseFinishedCallback  stm32f4xx_hal_tim.o
    0x08003798   0x00000014   Code   RO          373    i.HAL_TIM_PeriodElapsedCallback  tim.o
    0x080037ac   0x00000002   Code   RO         2349    i.HAL_TIM_TriggerCallback  stm32f4xx_hal_tim.o
    0x080037ae   0x00000002   Code   RO         3240    i.HAL_UARTEx_RxEventCallback  stm32f4xx_hal_uart.o
    0x080037b0   0x00000002   Code   RO         3254    i.HAL_UART_ErrorCallback  stm32f4xx_hal_uart.o
    0x080037b2   0x00000002   PAD
    0x080037b4   0x00000268   Code   RO         3257    i.HAL_UART_IRQHandler  stm32f4xx_hal_uart.o
    0x08003a1c   0x00000062   Code   RO         3258    i.HAL_UART_Init     stm32f4xx_hal_uart.o
    0x08003a7e   0x00000002   PAD
    0x08003a80   0x0000007c   Code   RO          420    i.HAL_UART_MspInit  usart.o
    0x08003afc   0x00000002   Code   RO         3264    i.HAL_UART_RxCpltCallback  stm32f4xx_hal_uart.o
    0x08003afe   0x00000002   PAD
    0x08003b00   0x000000b2   Code   RO         3266    i.HAL_UART_Transmit  stm32f4xx_hal_uart.o
    0x08003bb2   0x00000002   Code   RO         3269    i.HAL_UART_TxCpltCallback  stm32f4xx_hal_uart.o
    0x08003bb4   0x00000002   Code   RO          469    i.HardFault_Handler  stm32f4xx_it.o
    0x08003bb6   0x00000002   PAD
    0x08003bb8   0x00000040   Code   RO         6087    i.IIC_Ack           myiic.o
    0x08003bf8   0x0000005c   Code   RO         6088    i.IIC_Init          myiic.o
    0x08003c54   0x00000040   Code   RO         6089    i.IIC_NAck          myiic.o
    0x08003c94   0x00000068   Code   RO         6090    i.IIC_Read_Byte     myiic.o
    0x08003cfc   0x00000060   Code   RO         6091    i.IIC_Send_Byte     myiic.o
    0x08003d5c   0x00000040   Code   RO         6092    i.IIC_Start         myiic.o
    0x08003d9c   0x00000044   Code   RO         6093    i.IIC_Stop          myiic.o
    0x08003de0   0x00000054   Code   RO         6094    i.IIC_Wait_Ack      myiic.o
    0x08003e34   0x0000005c   Code   RO         5991    i.LCD_Clear         lcd.o
    0x08003e90   0x0000009a   Code   RO         5822    i.LCD_DrawLine      gui.o
    0x08003f2a   0x00000002   PAD
    0x08003f2c   0x00000018   Code   RO         5992    i.LCD_DrawPoint     lcd.o
    0x08003f44   0x0000024c   Code   RO         5993    i.LCD_Init          lcd.o
    0x08004190   0x00000028   Code   RO         5994    i.LCD_RESET         lcd.o
    0x080041b8   0x00000008   Code   RO         5995    i.LCD_SetCursor     lcd.o
    0x080041c0   0x0000005c   Code   RO         5996    i.LCD_SetWindows    lcd.o
    0x0800421c   0x00000108   Code   RO         5825    i.LCD_ShowChar      gui.o
    0x08004324   0x00000084   Code   RO         5826    i.LCD_ShowNum       gui.o
    0x080043a8   0x00000060   Code   RO         5827    i.LCD_ShowString    gui.o
    0x08004408   0x00000020   Code   RO         5997    i.LCD_WR_DATA       lcd.o
    0x08004428   0x00000020   Code   RO         5998    i.LCD_WR_REG        lcd.o
    0x08004448   0x0000000c   Code   RO         5999    i.LCD_WriteRAM_Prepare  lcd.o
    0x08004454   0x00000012   Code   RO         6000    i.LCD_WriteReg      lcd.o
    0x08004466   0x00000002   PAD
    0x08004468   0x0000004c   Code   RO         6001    i.LCD_direction     lcd.o
    0x080044b4   0x0000002c   Code   RO         6002    i.Lcd_WriteData_16Bit  lcd.o
    0x080044e0   0x0000001c   Code   RO         4615    i.MQTT_DeleteBuffer  mqttkit.o
    0x080044fc   0x00000026   Code   RO         4616    i.MQTT_DumpLength   mqttkit.o
    0x08004522   0x00000052   Code   RO         4617    i.MQTT_NewBuffer    mqttkit.o
    0x08004574   0x0000007c   Code   RO         4618    i.MQTT_PacketCmdResp  mqttkit.o
    0x080045f0   0x00000264   Code   RO         4619    i.MQTT_PacketConnect  mqttkit.o
    0x08004854   0x00000108   Code   RO         4622    i.MQTT_PacketPublish  mqttkit.o
    0x0800495c   0x00000046   Code   RO         4623    i.MQTT_PacketPublishAck  mqttkit.o
    0x080049a2   0x00000046   Code   RO         4624    i.MQTT_PacketPublishComp  mqttkit.o
    0x080049e8   0x00000046   Code   RO         4625    i.MQTT_PacketPublishRec  mqttkit.o
    0x08004a2e   0x00000046   Code   RO         4626    i.MQTT_PacketPublishRel  mqttkit.o
    0x08004a74   0x000000da   Code   RO         4628    i.MQTT_PacketSubscribe  mqttkit.o
    0x08004b4e   0x00000002   PAD
    0x08004b50   0x000000ce   Code   RO         4629    i.MQTT_PacketUnSubscribe  mqttkit.o
    0x08004c1e   0x0000003e   Code   RO         4630    i.MQTT_ReadLength   mqttkit.o
    0x08004c5c   0x00000076   Code   RO         4631    i.MQTT_UnPacketCmd  mqttkit.o
    0x08004cd2   0x0000001a   Code   RO         4632    i.MQTT_UnPacketConnectAck  mqttkit.o
    0x08004cec   0x00000134   Code   RO         4633    i.MQTT_UnPacketPublish  mqttkit.o
    0x08004e20   0x00000018   Code   RO         4634    i.MQTT_UnPacketPublishAck  mqttkit.o
    0x08004e38   0x00000018   Code   RO         4635    i.MQTT_UnPacketPublishComp  mqttkit.o
    0x08004e50   0x00000018   Code   RO         4636    i.MQTT_UnPacketPublishRec  mqttkit.o
    0x08004e68   0x0000001e   Code   RO         4637    i.MQTT_UnPacketPublishRel  mqttkit.o
    0x08004e86   0x00000002   PAD
    0x08004e88   0x00000060   Code   RO         4638    i.MQTT_UnPacketRecv  mqttkit.o
    0x08004ee8   0x0000002c   Code   RO         4639    i.MQTT_UnPacketSubscribe  mqttkit.o
    0x08004f14   0x00000012   Code   RO         4640    i.MQTT_UnPacketUnSubscribe  mqttkit.o
    0x08004f26   0x00000002   PAD
    0x08004f28   0x00000068   Code   RO         4559    i.MQTT_UnSubscribe  mqtt_client.o
    0x08004f90   0x00000064   Code   RO          277    i.MX_ADC1_Init      adc.o
    0x08004ff4   0x00000064   Code   RO          278    i.MX_ADC2_Init      adc.o
    0x08005058   0x00000084   Code   RO          326    i.MX_FSMC_Init      fsmc.o
    0x080050dc   0x000001b0   Code   RO          251    i.MX_GPIO_Init      gpio.o
    0x0800528c   0x00000048   Code   RO          374    i.MX_TIM6_Init      tim.o
    0x080052d4   0x00000038   Code   RO          421    i.MX_USART1_UART_Init  usart.o
    0x0800530c   0x00000002   Code   RO          470    i.MemManage_Handler  stm32f4xx_it.o
    0x0800530e   0x00000002   Code   RO          471    i.NMI_Handler       stm32f4xx_it.o
    0x08005310   0x00000010   Code   RO         4167    i.NibbleToHex       dhcp.o
    0x08005320   0x00000002   Code   RO          472    i.PendSV_Handler    stm32f4xx_it.o
    0x08005322   0x00000002   PAD
    0x08005324   0x0000000c   Code   RO         4107    i.ReadFlashNBtye    bsp_flash.o
    0x08005330   0x00000034   Code   RO         6202    i.SPIv_WriteData    spi.o
    0x08005364   0x000000a0   Code   RO         4108    i.STMFLASH_GetFlashSector  bsp_flash.o
    0x08005404   0x00000014   Code   RO         4109    i.STMFLASH_Read     bsp_flash.o
    0x08005418   0x00000098   Code   RO         4111    i.STMFLASH_Write    bsp_flash.o
    0x080054b0   0x00000002   Code   RO          473    i.SVC_Handler       stm32f4xx_it.o
    0x080054b2   0x00000002   PAD
    0x080054b4   0x000000cc   Code   RO         5828    i.Show_Str          gui.o
    0x08005580   0x00000004   Code   RO          474    i.SysTick_Handler   stm32f4xx_it.o
    0x08005584   0x00000098   Code   RO           14    i.SystemClock_Config  main.o
    0x0800561c   0x00000010   Code   RO         3587    i.SystemInit        system_stm32f4xx.o
    0x0800562c   0x0000000c   Code   RO          475    i.TIM6_DAC_IRQHandler  stm32f4xx_it.o
    0x08005638   0x000000c8   Code   RO         2351    i.TIM_Base_SetConfig  stm32f4xx_hal_tim.o
    0x08005700   0x00000154   Code   RO         6229    i.TP_Adj_Info_Show  touch.o
    0x08005854   0x0000043c   Code   RO         6230    i.TP_Adjust         touch.o
    0x08005c90   0x0000007c   Code   RO         6232    i.TP_Drow_Touch_Point  touch.o
    0x08005d0c   0x0000008c   Code   RO         6233    i.TP_Get_Adjdata    touch.o
    0x08005d98   0x00000100   Code   RO         6234    i.TP_Init           touch.o
    0x08005e98   0x0000008c   Code   RO         6235    i.TP_Read_AD        touch.o
    0x08005f24   0x00000064   Code   RO         6236    i.TP_Read_XOY       touch.o
    0x08005f88   0x00000028   Code   RO         6237    i.TP_Read_XY        touch.o
    0x08005fb0   0x0000007a   Code   RO         6238    i.TP_Read_XY2       touch.o
    0x0800602a   0x00000002   PAD
    0x0800602c   0x00000078   Code   RO         6239    i.TP_Save_Adjdata   touch.o
    0x080060a4   0x000000b4   Code   RO         6240    i.TP_Scan           touch.o
    0x08006158   0x00000048   Code   RO         6241    i.TP_Write_Byte     touch.o
    0x080061a0   0x00000534   Code   RO         6155    i.Touch_Test        show_lcd.o
    0x080066d4   0x00000010   Code   RO         3271    i.UART_DMAAbortOnError  stm32f4xx_hal_uart.o
    0x080066e4   0x0000004e   Code   RO         3281    i.UART_EndRxTransfer  stm32f4xx_hal_uart.o
    0x08006732   0x000000c0   Code   RO         3283    i.UART_Receive_IT   stm32f4xx_hal_uart.o
    0x080067f2   0x00000002   PAD
    0x080067f4   0x0000010c   Code   RO         3284    i.UART_SetConfig    stm32f4xx_hal_uart.o
    0x08006900   0x00000078   Code   RO         3287    i.UART_WaitOnFlagUntilTimeout  stm32f4xx_hal_uart.o
    0x08006978   0x0000000c   Code   RO          476    i.USART1_IRQHandler  stm32f4xx_it.o
    0x08006984   0x00000002   Code   RO          477    i.UsageFault_Handler  stm32f4xx_it.o
    0x08006986   0x00000002   PAD
    0x08006988   0x0000000c   Code   RO         3713    i.WIZCHIP_READ      w5300.o
    0x08006994   0x0000000c   Code   RO         3714    i.WIZCHIP_WRITE     w5300.o
    0x080069a0   0x0000009c   Code   RO         5626    i.Yl69_Read         yl_69.o
    0x08006a3c   0x00000020   Code   RO         6626    i.__0printf         mc_w.l(printfa.o)
    0x08006a5c   0x00000020   Code   RO         1614    i.__NVIC_SetPriority  stm32f4xx_hal_cortex.o
    0x08006a7c   0x00000008   Code   RO         6737    i.__aeabi_errno_addr  mc_w.l(errno.o)
    0x08006a84   0x0000005c   Code   RO         6658    i.__free$realloc    mc_w.l(mallocr.o)
    0x08006ae0   0x0000007a   Code   RO         6336    i.__hardfp_sqrt     m_wm.l(sqrt.o)
    0x08006b5a   0x00000002   PAD
    0x08006b5c   0x00000050   Code   RO         6659    i.__malloc$realloc  mc_w.l(mallocr.o)
    0x08006bac   0x0000000e   Code   RO         6806    i.__scatterload_copy  mc_w.l(handlers.o)
    0x08006bba   0x00000002   Code   RO         6807    i.__scatterload_null  mc_w.l(handlers.o)
    0x08006bbc   0x0000000e   Code   RO         6808    i.__scatterload_zeroinit  mc_w.l(handlers.o)
    0x08006bca   0x00000002   PAD
    0x08006bcc   0x0000000c   Code   RO         6739    i.__set_errno       mc_w.l(errno.o)
    0x08006bd8   0x00000098   Code   RO         5829    i._draw_circle_8    gui.o
    0x08006c70   0x00000164   Code   RO         6633    i._fp_digits        mc_w.l(printfa.o)
    0x08006dd4   0x000006dc   Code   RO         6634    i._printf_core      mc_w.l(printfa.o)
    0x080074b0   0x00000024   Code   RO         6635    i._printf_post_padding  mc_w.l(printfa.o)
    0x080074d4   0x0000002e   Code   RO         6636    i._printf_pre_padding  mc_w.l(printfa.o)
    0x08007502   0x00000002   PAD
    0x08007504   0x00000104   Code   RO         4788    i.aly_sensor        tcp_client.o
    0x08007608   0x00000088   Code   RO         4168    i.check_DHCP_leasedIP  dhcp.o
    0x08007690   0x0000006c   Code   RO         4169    i.check_DHCP_timeout  dhcp.o
    0x080076fc   0x00000028   Code   RO         4333    i.check_DNS_timeout  dns.o
    0x08007724   0x000000f8   Code   RO         3621    i.close             socket.o
    0x0800781c   0x0000011c   Code   RO         3622    i.connect           socket.o
    0x08007938   0x00000198   Code   RO         4170    i.default_ip_assign  dhcp.o
    0x08007ad0   0x0000004c   Code   RO         4171    i.default_ip_conflict  dhcp.o
    0x08007b1c   0x00000050   Code   RO         4172    i.default_ip_update  dhcp.o
    0x08007b6c   0x00000014   Code   RO         3788    i.dhcp_timer_init   w5300_conf.o
    0x08007b80   0x000000ae   Code   RO         4334    i.dns_answer        dns.o
    0x08007c2e   0x00000002   PAD
    0x08007c30   0x000000b4   Code   RO         4335    i.dns_makequery     dns.o
    0x08007ce4   0x0000001e   Code   RO         4336    i.dns_question      dns.o
    0x08007d02   0x00000002   PAD
    0x08007d04   0x000001c0   Code   RO         4789    i.do_mqtttcp_client  tcp_client.o
    0x08007ec4   0x00000018   Code   RO          422    i.fputc             usart.o
    0x08007edc   0x0000006c   Code   RO         5711    i.g5516_Read        g5516.o
    0x08007f48   0x0000000c   Code   RO         4337    i.get16             dns.o
    0x08007f54   0x00000022   Code   RO         3715    i.getRMSR           w5300.o
    0x08007f76   0x00000002   PAD
    0x08007f78   0x00000044   Code   RO         3716    i.getSn_RX_RSR      w5300.o
    0x08007fbc   0x00000034   Code   RO         3717    i.getSn_TX_FSR      w5300.o
    0x08007ff0   0x00000022   Code   RO         3718    i.getTMSR           w5300.o
    0x08008012   0x00000084   Code   RO         5830    i.gui_circle        gui.o
    0x08008096   0x00000002   PAD
    0x08008098   0x00000050   Code   RO         6660    i.internal_alloc    mc_w.l(mallocr.o)
    0x080080e8   0x0000005c   Code   RO           15    i.main              main.o
    0x08008144   0x000000c4   Code   RO         4178    i.makeDHCPMSG       dhcp.o
    0x08008208   0x00000010   Code   RO         5831    i.mypow             gui.o
    0x08008218   0x00000280   Code   RO         4179    i.parseDHCPMSG      dhcp.o
    0x08008498   0x000000d6   Code   RO         4338    i.parseDNSMSG       dns.o
    0x0800856e   0x00000002   PAD
    0x08008570   0x00000072   Code   RO         4339    i.parse_name        dns.o
    0x080085e2   0x0000000c   Code   RO         4340    i.put16             dns.o
    0x080085ee   0x00000002   PAD
    0x080085f0   0x000001b4   Code   RO         3627    i.recv              socket.o
    0x080087a4   0x000002d8   Code   RO         3628    i.recvfrom          socket.o
    0x08008a7c   0x00000014   Code   RO         4181    i.reset_DHCP_timeout  dhcp.o
    0x08008a90   0x00000030   Code   RO         3792    i.reset_w5300       w5300_conf.o
    0x08008ac0   0x00000138   Code   RO         3629    i.send              socket.o
    0x08008bf8   0x0000011c   Code   RO         4182    i.send_DHCP_DECLINE  dhcp.o
    0x08008d14   0x000001f4   Code   RO         4183    i.send_DHCP_DISCOVER  dhcp.o
    0x08008f08   0x000002ac   Code   RO         4184    i.send_DHCP_REQUEST  dhcp.o
    0x080091b4   0x00000270   Code   RO         3630    i.sendto            socket.o
    0x08009424   0x00000032   Code   RO         3719    i.setRMSR           w5300.o
    0x08009456   0x00000032   Code   RO         3720    i.setTMSR           w5300.o
    0x08009488   0x000000d0   Code   RO         3793    i.set_w5300_mac     w5300_conf.o
    0x08009558   0x000001d4   Code   RO         3794    i.set_w5300_netinfo  w5300_conf.o
    0x0800972c   0x00000144   Code   RO         3632    i.socket            socket.o
    0x08009870   0x00000028   Code   RO         3795    i.sysinit           w5300_conf.o
    0x08009898   0x0000004c   Code   RO         3797    i.timer2_isr        w5300_conf.o
    0x080098e4   0x00000050   Code   RO         5660    i.uBinaryToAscii    serial_studio.o
    0x08009934   0x000000e8   Code   RO         4791    i.uart_insert       tcp_client.o
    0x08009a1c   0x00000048   Code   RO         3721    i.wiz_recv_data     w5300.o
    0x08009a64   0x00000020   Code   RO         3722    i.wiz_recv_ignore   w5300.o
    0x08009a84   0x00000030   Code   RO         3723    i.wiz_send_data     w5300.o
    0x08009ab4   0x00000004   Code   RO         3920    i.wizchip_bus_readdata  wizchip_conf.o
    0x08009ab8   0x00000004   Code   RO         3921    i.wizchip_bus_writedata  wizchip_conf.o
    0x08009abc   0x00000002   Code   RO         3923    i.wizchip_cris_enter  wizchip_conf.o
    0x08009abe   0x00000002   Code   RO         3924    i.wizchip_cris_exit  wizchip_conf.o
    0x08009ac0   0x00000002   Code   RO         3925    i.wizchip_cs_deselect  wizchip_conf.o
    0x08009ac2   0x00000002   Code   RO         3926    i.wizchip_cs_select  wizchip_conf.o
    0x08009ac4   0x00000010   Data   RO         3588    .constdata          system_stm32f4xx.o
    0x08009ad4   0x00000008   Data   RO         3589    .constdata          system_stm32f4xx.o
    0x08009adc   0x000016ae   Data   RO         5832    .constdata          gui.o
    0x0800b18a   0x00000081   Data   RO         6768    .constdata          mc_w.l(ctype_o.o)
    0x0800b20b   0x00000001   PAD
    0x0800b20c   0x00000004   Data   RO         6769    .constdata          mc_w.l(ctype_o.o)
    0x0800b210   0x00000092   Data   RO         4561    .conststring        mqtt_client.o
    0x0800b2a2   0x00000002   PAD
    0x0800b2a4   0x00000065   Data   RO         4793    .conststring        tcp_client.o
    0x0800b309   0x00000003   PAD
    0x0800b30c   0x00000020   Data   RO         6804    Region$$Table       anon$$obj.o


    Execution Region RW_IRAM1 (Base: 0x20000000, Size: 0x00002538, Max: 0x0001c000, ABSOLUTE, COMPRESSED[0x00000130])

    Base Addr    Size         Type   Attr      Idx    E Section Name        Object

    0x20000000   0x00000008   Data   RW          328    .data               fsmc.o
    0x20000008   0x0000000c   Data   RW         1759    .data               stm32f4xx_hal.o
    0x20000014   0x00000004   Data   RW         3590    .data               system_stm32f4xx.o
    0x20000018   0x00000016   Data   RW         3634    .data               socket.o
    0x2000002e   0x00000002   PAD
    0x20000030   0x0000002e   Data   RW         3802    .data               w5300_conf.o
    0x2000005e   0x00000002   Data   RW         3803    .data               w5300_conf.o
    0x20000060   0x00000034   Data   RW         3944    .data               wizchip_conf.o
    0x20000094   0x0000004e   Data   RW         4186    .data               dhcp.o
    0x200000e2   0x00000002   PAD
    0x200000e4   0x0000000c   Data   RW         4342    .data               dns.o
    0x200000f0   0x00000008   Data   RW         4562    .data               mqtt_client.o
    0x200000f8   0x00000590   Data   RW         4794    .data               tcp_client.o
    0x20000688   0x00000002   Data   RW         6004    .data               lcd.o
    0x2000068a   0x00000002   Data   RW         6005    .data               lcd.o
    0x2000068c   0x0000002c   Data   RW         6243    .data               touch.o
    0x200006b8   0x00000004   Data   RW         6726    .data               mc_w.l(stdout.o)
    0x200006bc   0x00000004   Data   RW         6735    .data               mc_w.l(mvars.o)
    0x200006c0   0x00000004   Data   RW         6736    .data               mc_w.l(mvars.o)
    0x200006c4   0x00000004   Data   RW         6740    .data               mc_w.l(errno.o)
    0x200006c8   0x00000090   Zero   RW          279    .bss                adc.o
    0x20000758   0x00000050   Zero   RW          327    .bss                fsmc.o
    0x200007a8   0x00000048   Zero   RW          375    .bss                tim.o
    0x200007f0   0x00000044   Zero   RW          423    .bss                usart.o
    0x20000834   0x00000020   Zero   RW         1030    .bss                stm32f4xx_hal_flash.o
    0x20000854   0x00000010   Zero   RW         3633    .bss                socket.o
    0x20000864   0x0000001c   Zero   RW         3798    .bss                w5300_conf.o
    0x20000880   0x000003e8   Zero   RW         4185    .bss                dhcp.o
    0x20000c68   0x00000400   Zero   RW         4341    .bss                dns.o
    0x20001068   0x000000c0   Zero   RW         4560    .bss                mqtt_client.o
    0x20001128   0x00000800   Zero   RW         4792    .bss                tcp_client.o
    0x20001928   0x0000000e   Zero   RW         6003    .bss                lcd.o
    0x20001936   0x00000002   PAD
    0x20001938   0x00000400   Zero   RW            2    HEAP                startup_stm32f407xx.o
    0x20001d38   0x00000800   Zero   RW            1    STACK               startup_stm32f407xx.o


    Execution Region RW_IRAM2 (Base: 0x2001c000, Size: 0x00000000, Max: 0x00004000, ABSOLUTE)

    **** No section assigned to this execution region ****


==============================================================================

Image component sizes


      Code (inc. data)   RO Data    RW Data    ZI Data      Debug   Object Name

       216          0          0          0          0       2749   24cxx.o
       344         42          0          0        144       2362   adc.o
       344         56          0          0          0       3246   bsp_flash.o
      3972        676          0         78       1000      13252   dhcp.o
       496         30          0          0          0       5002   dht11.o
      1212        204          0         12       1024       8300   dns.o
       300         32          0          8         80       2263   fsmc.o
       108         40          0          0          0        577   g5516.o
       432         28          0          0          0       1207   gpio.o
      1948         90       5806          0          0      10393   gui.o
      1058         52          0          4         14       8210   lcd.o
       248         28          0          0          0     730584   main.o
      1932        940        146          8        192       6365   mqtt_client.o
      2626         36          0          0          0      19860   mqttkit.o
       636         74          0          0          0       4618   myiic.o
       120         36          0          0          0       3195   relay.o
        80          0          0          0          0        709   serial_studio.o
      1848        272          0          0          0       2389   show_lcd.o
      2956         86          0         22         16       7981   socket.o
        52          6          0          0          0        545   spi.o
        36          8        392          0       3072        832   startup_stm32f407xx.o
       228         32          0         12          0       9888   stm32f4xx_hal.o
      1200         52          0          0          0       5549   stm32f4xx_hal_adc.o
       198         14          0          0          0      33571   stm32f4xx_hal_cortex.o
       182          0          0          0          0       1963   stm32f4xx_hal_dma.o
       520         66          0          0         32       6126   stm32f4xx_hal_flash.o
       356         24          0          0          0       3734   stm32f4xx_hal_flash_ex.o
       516         46          0          0          0       2619   stm32f4xx_hal_gpio.o
        48          6          0          0          0        850   stm32f4xx_hal_msp.o
      1356         78          0          0          0       5492   stm32f4xx_hal_rcc.o
        92          0          0          0          0       1116   stm32f4xx_hal_sram.o
       784         72          0          0          0       6641   stm32f4xx_hal_tim.o
       148         28          0          0          0       2397   stm32f4xx_hal_tim_ex.o
      1574         16          0          0          0       9472   stm32f4xx_hal_uart.o
        44         12          0          0          0       5088   stm32f4xx_it.o
       232         14          0          0          0       3719   stm32f4xx_ll_fsmc.o
        16          4         24          4          0       1123   system_stm32f4xx.o
       940        174        101       1424       2048       4285   tcp_client.o
       152         24          0          0         72       2110   tim.o
      2718        228          0         44          0       9853   touch.o
       204         26          0          0         68       2190   usart.o
       464         42          0          0          0       6659   w5300.o
       860        154          0         48         28       5735   w5300_conf.o
        16          0          0         52          0       7050   wizchip_conf.o
       156         38          0          0          0        604   yl_69.o

    ----------------------------------------------------------------------
     34028       3886       6506       1720       7792     972473   Object Totals
         0          0         32          0          0          0   (incl. Generated)
        60          0          5          4          2          0   (incl. Padding)

    ----------------------------------------------------------------------

      Code (inc. data)   RO Data    RW Data    ZI Data      Debug   Library Member Name

       122          0          0          0          0        148   sqrt.o
        86          0          0          0          0          0   __dczerorl2.o
        28          0          0          0          0         68   _chval.o
       158          0          0          0          0         92   _strtoul.o
        26          0          0          0          0         80   atoi.o
         8          4        133          0          0         68   ctype_o.o
         0          0          0          0          0          0   entry.o
         0          0          0          0          0          0   entry10a.o
         0          0          0          0          0          0   entry11a.o
         8          4          0          0          0          0   entry2.o
         4          0          0          0          0          0   entry5.o
         0          0          0          0          0          0   entry7b.o
         0          0          0          0          0          0   entry8b.o
         8          4          0          0          0          0   entry9a.o
        20         10          0          4          0        136   errno.o
        30          0          0          0          0          0   handlers.o
        36          8          0          0          0         68   init.o
         0          0          0          0          0          0   iusefp.o
        30          0          0          0          0         68   llshl.o
        36          0          0          0          0         68   llsshr.o
        32          0          0          0          0         68   llushr.o
       252         24          0          0          0        252   mallocr.o
        26          0          0          0          0         80   memcmp.o
        36          0          0          0          0         68   memcpya.o
        36          0          0          0          0        108   memseta.o
         0          0          0          8          0          0   mvars.o
      2226         90          0          0          0        444   printfa.o
         0          0          0          4          0          0   stdout.o
        24          0          0          0          0         68   strcat.o
        20          0          0          0          0         68   strchr.o
        18          0          0          0          0         68   strcpy.o
        14          0          0          0          0         68   strlen.o
        40          0          0          0          0         76   strncat.o
        24          0          0          0          0         76   strncpy.o
        36          0          0          0          0         80   strstr.o
       112          0          0          0          0         88   strtol.o
        44          0          0          0          0         80   uidiv.o
        98          0          0          0          0         92   uldiv.o
        48          0          0          0          0         68   cdcmple.o
        48          0          0          0          0         68   cdrcmple.o
        56          0          0          0          0         88   d2f.o
       334          0          0          0          0        148   dadd.o
       222          0          0          0          0        100   ddiv.o
       186          0          0          0          0        176   depilogue.o
        50          0          0          0          0         76   dfixui.o
        48          0          0          0          0         68   dfixul.o
        26          0          0          0          0         76   dfltui.o
       228          0          0          0          0         96   dmul.o
       162          0          0          0          0        100   dsqrt.o
        38          0          0          0          0         68   f2d.o
       110          0          0          0          0        168   fepilogue.o

    ----------------------------------------------------------------------
      5200        144        134         16          0       3880   Library Totals
         6          0          1          0          0          0   (incl. Padding)

    ----------------------------------------------------------------------

      Code (inc. data)   RO Data    RW Data    ZI Data      Debug   Library Name

       122          0          0          0          0        148   m_wm.l
      3516        144        133         16          0       2432   mc_w.l
      1556          0          0          0          0       1300   mf_w.l

    ----------------------------------------------------------------------
      5200        144        134         16          0       3880   Library Totals

    ----------------------------------------------------------------------

==============================================================================


      Code (inc. data)   RO Data    RW Data    ZI Data      Debug   

     39228       4030       6640       1736       7792     949457   Grand Totals
     39228       4030       6640        304       7792     949457   ELF Image Totals (compressed)
     39228       4030       6640        304          0          0   ROM Totals

==============================================================================

    Total RO  Size (Code + RO Data)                45868 (  44.79kB)
    Total RW  Size (RW Data + ZI Data)              9528 (   9.30kB)
    Total ROM Size (Code + RO Data + RW Data)      46172 (  45.09kB)

==============================================================================

